Component: ARM Compiler 5.06 update 7 (build 960) Tool: armlink [4d3601]

==============================================================================

Section Cross References

    systick.o(i.SysTick_Wait10ms) refers to systick.o(i.SysTick_Wait) for SysTick_Wait
    vl53l1_platform_2dx4.o(i.VL53L1_RdByte) refers to vl53l1_platform_2dx4.o(i.beginTxI2C) for beginTxI2C
    vl53l1_platform_2dx4.o(i.VL53L1_RdByte) refers to vl53l1_platform_2dx4.o(i.writeRegisterIndex) for writeRegisterIndex
    vl53l1_platform_2dx4.o(i.VL53L1_RdByte) refers to vl53l1_platform_2dx4.o(i.beginRxI2C) for beginRxI2C
    vl53l1_platform_2dx4.o(i.VL53L1_RdByte) refers to vl53l1_platform_2dx4.o(i.readI2C) for readI2C
    vl53l1_platform_2dx4.o(i.VL53L1_RdDWord) refers to vl53l1_platform_2dx4.o(i.beginTxI2C) for beginTxI2C
    vl53l1_platform_2dx4.o(i.VL53L1_RdDWord) refers to vl53l1_platform_2dx4.o(i.writeRegisterIndex) for writeRegisterIndex
    vl53l1_platform_2dx4.o(i.VL53L1_RdDWord) refers to vl53l1_platform_2dx4.o(i.beginRxI2C) for beginRxI2C
    vl53l1_platform_2dx4.o(i.VL53L1_RdDWord) refers to vl53l1_platform_2dx4.o(i.readI2C) for readI2C
    vl53l1_platform_2dx4.o(i.VL53L1_RdWord) refers to vl53l1_platform_2dx4.o(i.beginTxI2C) for beginTxI2C
    vl53l1_platform_2dx4.o(i.VL53L1_RdWord) refers to vl53l1_platform_2dx4.o(i.writeRegisterIndex) for writeRegisterIndex
    vl53l1_platform_2dx4.o(i.VL53L1_RdWord) refers to vl53l1_platform_2dx4.o(i.beginRxI2C) for beginRxI2C
    vl53l1_platform_2dx4.o(i.VL53L1_RdWord) refers to vl53l1_platform_2dx4.o(i.readI2C) for readI2C
    vl53l1_platform_2dx4.o(i.VL53L1_ReadMulti) refers to vl53l1_platform_2dx4.o(i.beginTxI2C) for beginTxI2C
    vl53l1_platform_2dx4.o(i.VL53L1_ReadMulti) refers to vl53l1_platform_2dx4.o(i.writeRegisterIndex) for writeRegisterIndex
    vl53l1_platform_2dx4.o(i.VL53L1_ReadMulti) refers to vl53l1_platform_2dx4.o(i.beginRxI2C) for beginRxI2C
    vl53l1_platform_2dx4.o(i.VL53L1_ReadMulti) refers to vl53l1_platform_2dx4.o(i.readI2C) for readI2C
    vl53l1_platform_2dx4.o(i.VL53L1_WaitMs) refers to systick.o(i.SysTick_Wait) for SysTick_Wait
    vl53l1_platform_2dx4.o(i.VL53L1_WrByte) refers to vl53l1_platform_2dx4.o(i.beginTxI2C) for beginTxI2C
    vl53l1_platform_2dx4.o(i.VL53L1_WrByte) refers to vl53l1_platform_2dx4.o(i.writeRegisterIndex_nostop) for writeRegisterIndex_nostop
    vl53l1_platform_2dx4.o(i.VL53L1_WrByte) refers to vl53l1_platform_2dx4.o(i.writeI2C) for writeI2C
    vl53l1_platform_2dx4.o(i.VL53L1_WrDWord) refers to vl53l1_platform_2dx4.o(i.beginTxI2C) for beginTxI2C
    vl53l1_platform_2dx4.o(i.VL53L1_WrDWord) refers to vl53l1_platform_2dx4.o(i.writeRegisterIndex) for writeRegisterIndex
    vl53l1_platform_2dx4.o(i.VL53L1_WrDWord) refers to vl53l1_platform_2dx4.o(i.writeI2C) for writeI2C
    vl53l1_platform_2dx4.o(i.VL53L1_WrWord) refers to vl53l1_platform_2dx4.o(i.beginTxI2C) for beginTxI2C
    vl53l1_platform_2dx4.o(i.VL53L1_WrWord) refers to vl53l1_platform_2dx4.o(i.writeRegisterIndex) for writeRegisterIndex
    vl53l1_platform_2dx4.o(i.VL53L1_WrWord) refers to vl53l1_platform_2dx4.o(i.writeI2C) for writeI2C
    vl53l1_platform_2dx4.o(i.VL53L1_WriteMulti) refers to vl53l1_platform_2dx4.o(i.beginTxI2C) for beginTxI2C
    vl53l1_platform_2dx4.o(i.VL53L1_WriteMulti) refers to vl53l1_platform_2dx4.o(i.writeRegisterIndex) for writeRegisterIndex
    vl53l1_platform_2dx4.o(i.VL53L1_WriteMulti) refers to vl53l1_platform_2dx4.o(i.writeI2C) for writeI2C
    vl53l1_platform_2dx4.o(i.readI2C) refers to onboardleds.o(i.FlashI2CRx) for FlashI2CRx
    vl53l1_platform_2dx4.o(i.readI2C) refers to onboardleds.o(i.FlashI2CError) for FlashI2CError
    vl53l1_platform_2dx4.o(i.writeI2C) refers to onboardleds.o(i.FlashI2CTx) for FlashI2CTx
    vl53l1_platform_2dx4.o(i.writeI2C) refers to onboardleds.o(i.FlashI2CError) for FlashI2CError
    vl53l1_platform_2dx4.o(i.writeRegisterIndex) refers to onboardleds.o(i.FlashI2CTx) for FlashI2CTx
    vl53l1_platform_2dx4.o(i.writeRegisterIndex) refers to onboardleds.o(i.FlashI2CError) for FlashI2CError
    vl53l1_platform_2dx4.o(i.writeRegisterIndex_nostop) refers to onboardleds.o(i.FlashI2CTx) for FlashI2CTx
    vl53l1_platform_2dx4.o(i.writeRegisterIndex_nostop) refers to onboardleds.o(i.FlashI2CError) for FlashI2CError
    vl53l1x_api.o(i.VL53L1X_BootState) refers to vl53l1_platform_2dx4.o(i.VL53L1_RdByte) for VL53L1_RdByte
    vl53l1x_api.o(i.VL53L1X_CheckForDataReady) refers to vl53l1x_api.o(i.VL53L1X_GetInterruptPolarity) for VL53L1X_GetInterruptPolarity
    vl53l1x_api.o(i.VL53L1X_CheckForDataReady) refers to vl53l1_platform_2dx4.o(i.VL53L1_RdByte) for VL53L1_RdByte
    vl53l1x_api.o(i.VL53L1X_ClearInterrupt) refers to vl53l1_platform_2dx4.o(i.VL53L1_WrByte) for VL53L1_WrByte
    vl53l1x_api.o(i.VL53L1X_GetAmbientPerSpad) refers to vl53l1_platform_2dx4.o(i.VL53L1_RdWord) for VL53L1_RdWord
[...]
    ../clib/printf.c                         0x00000000   Number         0  __printf_ss_wp.o ABSOLUTE
    ../clib/printf.c                         0x00000000   Number         0  __printf_wp.o ABSOLUTE
    ../clib/printf.c                         0x00000000   Number         0  __2sprintf.o ABSOLUTE
    ../clib/printf.c                         0x00000000   Number         0  _printf_intcommon.o ABSOLUTE
    ../clib/printf.c                         0x00000000   Number         0  noretval__2sprintf.o ABSOLUTE
    ../clib/printf.c                         0x00000000   Number         0  _printf_fp_dec.o ABSOLUTE
    ../clib/printf.c                         0x00000000   Number         0  _printf_char_common.o ABSOLUTE
    ../clib/printf.c                         0x00000000   Number         0  __printf.o ABSOLUTE
    ../clib/printf.c                         0x00000000   Number         0  __printf_nopercent.o ABSOLUTE
    ../clib/printf.c                         0x00000000   Number         0  _sputc.o ABSOLUTE
    ../clib/printf.c                         0x00000000   Number         0  _printf_fp_infnan.o ABSOLUTE
    ../clib/printf.c                         0x00000000   Number         0  _printf_dec.o ABSOLUTE
    ../clib/printf.c                         0x00000000   Number         0  __printf_flags.o ABSOLUTE
    ../clib/printf.c                         0x00000000   Number         0  __printf_ss.o ABSOLUTE
    ../clib/printf_percent.s                 0x00000000   Number         0  _printf_percent_end.o ABSOLUTE
    ../clib/printf_percent.s                 0x00000000   Number         0  _printf_percent.o ABSOLUTE
    ../clib/printf_percent.s                 0x00000000   Number         0  _printf_f.o ABSOLUTE
    ../clib/printf_percent.s                 0x00000000   Number         0  _printf_d.o ABSOLUTE
    ../clib/signal.c                         0x00000000   Number         0  defsig_pvfn_inner.o ABSOLUTE
    ../clib/signal.c                         0x00000000   Number         0  defsig_rtmem_formal.o ABSOLUTE
    ../clib/signal.c                         0x00000000   Number         0  defsig_cppl_inner.o ABSOLUTE
    ../clib/signal.c                         0x00000000   Number         0  defsig_rtred_inner.o ABSOLUTE
    ../clib/signal.c                         0x00000000   Number         0  defsig_fpe_inner.o ABSOLUTE
    ../clib/signal.c                         0x00000000   Number         0  defsig_rtmem_outer.o ABSOLUTE
    ../clib/signal.c                         0x00000000   Number         0  defsig_stak_inner.o ABSOLUTE
    ../clib/signal.c                         0x00000000   Number         0  defsig_other.o ABSOLUTE
    ../clib/signal.c                         0x00000000   Number         0  defsig_segv_inner.o ABSOLUTE
    ../clib/signal.c                         0x00000000   Number         0  __raise.o ABSOLUTE
    ../clib/signal.c                         0x00000000   Number         0  defsig_exit.o ABSOLUTE
    ../clib/signal.c                         0x00000000   Number         0  defsig_rtmem_inner.o ABSOLUTE
    ../clib/signal.c                         0x00000000   Number         0  defsig_abrt_inner.o ABSOLUTE
    ../clib/signal.c                         0x00000000   Number         0  defsig_general.o ABSOLUTE
    ../clib/signal.s                         0x00000000   Number         0  defsig.o ABSOLUTE
    ../clib/stdlib.c                         0x00000000   Number         0  exit.o ABSOLUTE
    ../fplib/basic.s                         0x00000000   Number         0  basic.o ABSOLUTE
    ../fplib/d2f.s                           0x00000000   Number         0  d2f.o ABSOLUTE
    ../fplib/daddsub.s                       0x00000000   Number         0  daddsub_clz.o ABSOLUTE
    ../fplib/ddiv.s                          0x00000000   Number         0  ddiv.o ABSOLUTE
    ../fplib/dfix.s                          0x00000000   Number         0  dfix.o ABSOLUTE
    ../fplib/dfixu.s                         0x00000000   Number         0  dfixu.o ABSOLUTE
    ../fplib/dflt.s                          0x00000000   Number         0  dflt_clz.o ABSOLUTE
    ../fplib/dmul.s                          0x00000000   Number         0  dmul.o ABSOLUTE
    ../fplib/dnaninf.s                       0x00000000   Number         0  dnaninf.o ABSOLUTE
    ../fplib/dretinf.s                       0x00000000   Number         0  dretinf.o ABSOLUTE
    ../fplib/f2d.s                           0x00000000   Number         0  f2d.o ABSOLUTE
    ../fplib/fnaninf.s                       0x00000000   Number         0  fnaninf.o ABSOLUTE
    ../fplib/fpinit.s                        0x00000000   Number         0  fpinit.o ABSOLUTE
    ../fplib/fretinf.s                       0x00000000   Number         0  fretinf.o ABSOLUTE
    ../fplib/istatus.s                       0x00000000   Number         0  istatus.o ABSOLUTE
    ../fplib/printf1.s                       0x00000000   Number         0  printf1.o ABSOLUTE
    ../fplib/usenofp.s                       0x00000000   Number         0  usenofp.o ABSOLUTE
    ../mathlib/cos.c                         0x00000000   Number         0  cos_x.o ABSOLUTE
    ../mathlib/cos.c                         0x00000000   Number         0  cos.o ABSOLUTE
    ../mathlib/cos_i.c                       0x00000000   Number         0  cos_i.o ABSOLUTE
    ../mathlib/dunder.c                      0x00000000   Number         0  dunder.o ABSOLUTE
    ../mathlib/fabs.c                        0x00000000   Number         0  fabs.o ABSOLUTE
    ../mathlib/fpclassify.c                  0x00000000   Number         0  fpclassify.o ABSOLUTE
    ../mathlib/poly.c                        0x00000000   Number         0  poly.o ABSOLUTE
    ../mathlib/rred.c                        0x00000000   Number         0  rred.o ABSOLUTE
    ../mathlib/sin.c                         0x00000000   Number         0  sin_x.o ABSOLUTE
    ../mathlib/sin.c                         0x00000000   Number         0  sin.o ABSOLUTE
    ../mathlib/sin_i.c                       0x00000000   Number         0  sin_i.o ABSOLUTE
    ../mathlib/sin_i.c                       0x00000000   Number         0  sin_i_x.o ABSOLUTE
    2dx4_ds90-1.c                            0x00000000   Number         0  2dx4_ds90-1.o ABSOLUTE
    PLL.c                                    0x00000000   Number         0  pll.o ABSOLUTE
    RTE\Device\MSP432E401Y\startup_msp432e401y_uvision.s 0x00000000   Number         0  startup_msp432e401y_uvision.o ABSOLUTE
    RTE\Device\MSP432E401Y\system_msp432e401y.c 0x00000000   Number         0  system_msp432e401y.o ABSOLUTE
    RTE\\Device\\MSP432E401Y\\system_msp432e401y.c 0x00000000   Number         0  system_msp432e401y.o ABSOLUTE
    SysTick.c                                0x00000000   Number         0  systick.o ABSOLUTE
    VL53L1X_api.c                            0x00000000   Number         0  vl53l1x_api.o ABSOLUTE
    dc.s                                     0x00000000   Number         0  dc.o ABSOLUTE
    onboardLEDs.c                            0x00000000   Number         0  onboardleds.o ABSOLUTE
    uart.c                                   0x00000000   Number         0  uart.o ABSOLUTE
    vl53l1_platform_2dx4.c                   0x00000000   Number         0  vl53l1_platform_2dx4.o ABSOLUTE
    !!!main                                  0x000001fc   Section        8  __main.o(!!!main)
    !!!scatter                               0x00000204   Section       52  __scatter.o(!!!scatter)
    !!handler_copy                           0x00000238   Section       26  __scatter_copy.o(!!handler_copy)
    !!handler_zi                             0x00000254   Section       28  __scatter_zi.o(!!handler_zi)
    .ARM.Collect$$_printf_percent$$00000000  0x00000270   Section        0  _printf_percent.o(.ARM.Collect$$_printf_percent$$00000000)
    .ARM.Collect$$_printf_percent$$00000003  0x00000270   Section        6  _printf_f.o(.ARM.Collect$$_printf_percent$$00000003)
    .ARM.Collect$$_printf_percent$$00000009  0x00000276   Section        6  _printf_d.o(.ARM.Collect$$_printf_percent$$00000009)
    .ARM.Collect$$_printf_percent$$00000017  0x0000027c   Section        4  _printf_percent_end.o(.ARM.Collect$$_printf_percent$$00000017)
    .ARM.Collect$$libinit$$00000000          0x00000280   Section        2  libinit.o(.ARM.Collect$$libinit$$00000000)
    .ARM.Collect$$libinit$$00000001          0x00000282   Section        4  libinit2.o(.ARM.Collect$$libinit$$00000001)
    .ARM.Collect$$libinit$$00000004          0x00000286   Section        0  libinit2.o(.ARM.Collect$$libinit$$00000004)
    .ARM.Collect$$libinit$$0000000A          0x00000286   Section        0  libinit2.o(.ARM.Collect$$libinit$$0000000A)
    .ARM.Collect$$libinit$$0000000C          0x00000286   Section        0  libinit2.o(.ARM.Collect$$libinit$$0000000C)
    .ARM.Collect$$libinit$$0000000E          0x00000286   Section        0  libinit2.o(.ARM.Collect$$libinit$$0000000E)
    .ARM.Collect$$libinit$$0000000F          0x00000286   Section        6  libinit2.o(.ARM.Collect$$libinit$$0000000F)
    .ARM.Collect$$libinit$$00000011          0x0000028c   Section        0  libinit2.o(.ARM.Collect$$libinit$$00000011)
    .ARM.Collect$$libinit$$00000013          0x0000028c   Section        0  libinit2.o(.ARM.Collect$$libinit$$00000013)
    .ARM.Collect$$libinit$$00000015          0x0000028c   Section        0  libinit2.o(.ARM.Collect$$libinit$$00000015)
    .ARM.Collect$$libinit$$00000016          0x0000028c   Section       10  libinit2.o(.ARM.Collect$$libinit$$00000016)
    .ARM.Collect$$libinit$$00000017          0x00000296   Section        0  libinit2.o(.ARM.Collect$$libinit$$00000017)
    .ARM.Collect$$libinit$$00000019          0x00000296   Section        0  libinit2.o(.ARM.Collect$$libinit$$00000019)
    .ARM.Collect$$libinit$$0000001B          0x00000296   Section        0  libinit2.o(.ARM.Collect$$libinit$$0000001B)
    .ARM.Collect$$libinit$$0000001D          0x00000296   Section        0  libinit2.o(.ARM.Collect$$libinit$$0000001D)
    .ARM.Collect$$libinit$$0000001F          0x00000296   Section        0  libinit2.o(.ARM.Collect$$libinit$$0000001F)
    .ARM.Collect$$libinit$$00000021          0x00000296   Section        0  libinit2.o(.ARM.Collect$$libinit$$00000021)
    .ARM.Collect$$libinit$$00000023          0x00000296   Section        0  libinit2.o(.ARM.Collect$$libinit$$00000023)
    .ARM.Collect$$libinit$$00000025          0x00000296   Section        0  libinit2.o(.ARM.Collect$$libinit$$00000025)
    .ARM.Collect$$libinit$$0000002C          0x00000296   Section        0  libinit2.o(.ARM.Collect$$libinit$$0000002C)
    .ARM.Collect$$libinit$$0000002E          0x00000296   Section        0  libinit2.o(.ARM.Collect$$libinit$$0000002E)
    .ARM.Collect$$libinit$$00000030          0x00000296   Section        0  libinit2.o(.ARM.Collect$$libinit$$00000030)
    .ARM.Collect$$libinit$$00000032          0x00000296   Section        0  libinit2.o(.ARM.Collect$$libinit$$00000032)
    .ARM.Collect$$libinit$$00000033          0x00000296   Section        2  libinit2.o(.ARM.Collect$$libinit$$00000033)
    .ARM.Collect$$libshutdown$$00000000      0x00000298   Section        2  libshutdown.o(.ARM.Collect$$libshutdown$$00000000)
    .ARM.Collect$$libshutdown$$00000002      0x0000029a   Section        0  libshutdown2.o(.ARM.Collect$$libshutdown$$00000002)
    .ARM.Collect$$libshutdown$$00000004      0x0000029a   Section        0  libshutdown2.o(.ARM.Collect$$libshutdown$$00000004)
    .ARM.Collect$$libshutdown$$00000006      0x0000029a   Section        0  libshutdown2.o(.ARM.Collect$$libshutdown$$00000006)
    .ARM.Collect$$libshutdown$$00000009      0x0000029a   Section        0  libshutdown2.o(.ARM.Collect$$libshutdown$$00000009)
    .ARM.Collect$$libshutdown$$0000000C      0x0000029a   Section        0  libshutdown2.o(.ARM.Collect$$libshutdown$$0000000C)
    .ARM.Collect$$libshutdown$$0000000E      0x0000029a   Section        0  libshutdown2.o(.ARM.Collect$$libshutdown$$0000000E)
    .ARM.Collect$$libshutdown$$00000011      0x0000029a   Section        0  libshutdown2.o(.ARM.Collect$$libshutdown$$00000011)
    .ARM.Collect$$libshutdown$$00000012      0x0000029a   Section        2  libshutdown2.o(.ARM.Collect$$libshutdown$$00000012)
    .ARM.Collect$$rtentry$$00000000          0x0000029c   Section        0  __rtentry.o(.ARM.Collect$$rtentry$$00000000)
    .ARM.Collect$$rtentry$$00000002          0x0000029c   Section        0  __rtentry2.o(.ARM.Collect$$rtentry$$00000002)
    .ARM.Collect$$rtentry$$00000004          0x0000029c   Section        6  __rtentry4.o(.ARM.Collect$$rtentry$$00000004)
    .ARM.Collect$$rtentry$$00000009          0x000002a2   Section        0  __rtentry2.o(.ARM.Collect$$rtentry$$00000009)
    .ARM.Collect$$rtentry$$0000000A          0x000002a2   Section        4  __rtentry2.o(.ARM.Collect$$rtentry$$0000000A)
    .ARM.Collect$$rtentry$$0000000C          0x000002a6   Section        0  __rtentry2.o(.ARM.Collect$$rtentry$$0000000C)
    .ARM.Collect$$rtentry$$0000000D          0x000002a6   Section        8  __rtentry2.o(.ARM.Collect$$rtentry$$0000000D)
    .ARM.Collect$$rtexit$$00000000           0x000002ae   Section        2  rtexit.o(.ARM.Collect$$rtexit$$00000000)
    .ARM.Collect$$rtexit$$00000002           0x000002b0   Section        0  rtexit2.o(.ARM.Collect$$rtexit$$00000002)
    .ARM.Collect$$rtexit$$00000003           0x000002b0   Section        4  rtexit2.o(.ARM.Collect$$rtexit$$00000003)
    .ARM.Collect$$rtexit$$00000004           0x000002b4   Section        6  rtexit2.o(.ARM.Collect$$rtexit$$00000004)
    .text                                    0x000002bc   Section       60  startup_msp432e401y_uvision.o(.text)
    $v0                                      0x000002bc   Number         0  startup_msp432e401y_uvision.o(.text)
    .text                                    0x000002f8   Section        0  noretval__2sprintf.o(.text)
    .text                                    0x00000320   Section        0  __printf.o(.text)
    .text                                    0x00000388   Section        0  _printf_dec.o(.text)
    .text                                    0x00000400   Section        0  heapauxi.o(.text)
    .text                                    0x00000406   Section        0  _rserrno.o(.text)
    .text                                    0x0000041c   Section        0  _printf_intcommon.o(.text)
    .text                                    0x000004ce   Section        0  _printf_fp_dec.o(.text)
    _fp_digits                               0x000004d1   Thumb Code   432  _printf_fp_dec.o(.text)
    .text                                    0x000008ec   Section        0  _printf_char_common.o(.text)
    _printf_input_char                       0x000008ed   Thumb Code    10  _printf_char_common.o(.text)
    .text                                    0x0000091c   Section        0  _sputc.o(.text)
    .text                                    0x00000928   Section        8  rt_locale_intlibspace.o(.text)
    .text                                    0x00000930   Section        8  rt_errno_addr_intlibspace.o(.text)
    .text                                    0x00000938   Section      138  lludiv10.o(.text)
    .text                                    0x000009c4   Section        0  _printf_fp_infnan.o(.text)
    .text                                    0x00000a44   Section        0  bigflt0.o(.text)
    .text                                    0x00000b28   Section        8  libspace.o(.text)
    .text                                    0x00000b30   Section       74  sys_stackheap_outer.o(.text)
    .text                                    0x00000b7a   Section        0  exit.o(.text)
    .text                                    0x00000b8c   Section      128  strcmpv7m.o(.text)
    .text                                    0x00000c0c   Section        0  sys_exit.o(.text)
    .text                                    0x00000c18   Section        2  use_no_semi.o(.text)
    .text                                    0x00000c1a   Section        0  indicate_semi.o(.text)
    CL$$btod_d2e                             0x00000c1a   Section       62  btod.o(CL$$btod_d2e)
    CL$$btod_d2e_denorm_low                  0x00000c58   Section       70  btod.o(CL$$btod_d2e_denorm_low)
    CL$$btod_d2e_norm_op1                    0x00000c9e   Section       96  btod.o(CL$$btod_d2e_norm_op1)
    CL$$btod_div_common                      0x00000cfe   Section      824  btod.o(CL$$btod_div_common)
    CL$$btod_e2e                             0x00001036   Section      220  btod.o(CL$$btod_e2e)
    CL$$btod_ediv                            0x00001112   Section       42  btod.o(CL$$btod_ediv)
    CL$$btod_emul                            0x0000113c   Section       42  btod.o(CL$$btod_emul)
    CL$$btod_mult_common                     0x00001166   Section      580  btod.o(CL$$btod_mult_common)
    i.FlashAllLEDs                           0x000013ac   Section        0  onboardleds.o(i.FlashAllLEDs)
    i.FlashI2CError                          0x00001408   Section        0  onboardleds.o(i.FlashI2CError)
    i.FlashI2CRx                             0x0000141c   Section        0  onboardleds.o(i.FlashI2CRx)
    i.FlashI2CTx                             0x00001426   Section        0  onboardleds.o(i.FlashI2CTx)
    i.FlashLED1                              0x00001430   Section        0  onboardleds.o(i.FlashLED1)
    i.FlashLED2                              0x00001474   Section        0  onboardleds.o(i.FlashLED2)
    i.FlashLED4                              0x000014b8   Section        0  onboardleds.o(i.FlashLED4)
    i.I2C_Init                               0x000014fc   Section        0  2dx4_ds90-1.o(i.I2C_Init)
    i.PLL_Init                               0x00001588   Section        0  pll.o(i.PLL_Init)
    i.PortE_Init                             0x000016a4   Section        0  2dx4_ds90-1.o(i.PortE_Init)
    i.PortF_Init                             0x000016dc   Section        0  2dx4_ds90-1.o(i.PortF_Init)
    i.PortK_Init                             0x00001714   Section        0  2dx4_ds90-1.o(i.PortK_Init)
    i.Status_Check                           0x0000174c   Section        0  uart.o(i.Status_Check)
    i.SysTick_Init                           0x000017a4   Section        0  systick.o(i.SysTick_Init)
    i.SysTick_Wait                           0x000017bc   Section        0  systick.o(i.SysTick_Wait)
    i.SysTick_Wait10ms                       0x000017dc   Section        0  systick.o(i.SysTick_Wait10ms)
    i.SystemInit                             0x000017f8   Section        0  system_msp432e401y.o(i.SystemInit)
    i.UART_Init                              0x00001818   Section        0  uart.o(i.UART_Init)
    i.UART_OutChar                           0x000018e4   Section        0  uart.o(i.UART_OutChar)
    i.UART_printf                            0x000018fc   Section        0  uart.o(i.UART_printf)
    i.VL53L1X_BootState                      0x00001914   Section        0  vl53l1x_api.o(i.VL53L1X_BootState)
    i.VL53L1X_CheckForDataReady              0x00001936   Section        0  vl53l1x_api.o(i.VL53L1X_CheckForDataReady)
    i.VL53L1X_ClearInterrupt                 0x00001974   Section        0  vl53l1x_api.o(i.VL53L1X_ClearInterrupt)
    i.VL53L1X_GetDistance                    0x0000198a   Section        0  vl53l1x_api.o(i.VL53L1X_GetDistance)
    i.VL53L1X_GetInterruptPolarity           0x000019a8   Section        0  vl53l1x_api.o(i.VL53L1X_GetInterruptPolarity)
    i.VL53L1X_GetSensorId                    0x000019da   Section        0  vl53l1x_api.o(i.VL53L1X_GetSensorId)
    i.VL53L1X_SensorInit                     0x00001a00   Section        0  vl53l1x_api.o(i.VL53L1X_SensorInit)
    i.VL53L1X_StartRanging                   0x00001afc   Section        0  vl53l1x_api.o(i.VL53L1X_StartRanging)
    i.VL53L1X_StopRanging                    0x00001b12   Section        0  vl53l1x_api.o(i.VL53L1X_StopRanging)
    i.VL53L1_RdByte                          0x00001b28   Section        0  vl53l1_platform_2dx4.o(i.VL53L1_RdByte)
    i.VL53L1_RdWord                          0x00001b4c   Section        0  vl53l1_platform_2dx4.o(i.VL53L1_RdWord)
    i.VL53L1_WrByte                          0x00001b84   Section        0  vl53l1_platform_2dx4.o(i.VL53L1_WrByte)
    i.__ARM_fpclassify                       0x00001ba2   Section        0  fpclassify.o(i.__ARM_fpclassify)
    i.__hardfp_cos                           0x00001bd8   Section        0  cos.o(i.__hardfp_cos)
    i.__hardfp_sin                           0x00001ca0   Section        0  sin.o(i.__hardfp_sin)
    i.__ieee754_rem_pio2                     0x00001d68   Section        0  rred.o(i.__ieee754_rem_pio2)
    i.__kernel_cos                           0x000021a0   Section        0  cos_i.o(i.__kernel_cos)
    i.__kernel_poly                          0x00002310   Section        0  poly.o(i.__kernel_poly)
    i.__kernel_sin                           0x00002408   Section        0  sin_i.o(i.__kernel_sin)
    i.__mathlib_dbl_infnan                   0x00002538   Section        0  dunder.o(i.__mathlib_dbl_infnan)
    i.__mathlib_dbl_invalid                  0x00002550   Section        0  dunder.o(i.__mathlib_dbl_invalid)
    i.__mathlib_dbl_underflow                0x00002570   Section        0  dunder.o(i.__mathlib_dbl_underflow)
    i.beginRxI2C                             0x00002590   Section        0  vl53l1_platform_2dx4.o(i.beginRxI2C)
    i.beginTxI2C                             0x000025ac   Section        0  vl53l1_platform_2dx4.o(i.beginTxI2C)
    i.fabs                                   0x000025c8   Section        0  fabs.o(i.fabs)
    i.main                                   0x000025e0   Section        0  2dx4_ds90-1.o(i.main)
    i.motorRun                               0x00002930   Section        0  2dx4_ds90-1.o(i.motorRun)
    i.onboardLEDs_Init                       0x00002970   Section        0  onboardleds.o(i.onboardLEDs_Init)
    i.readI2C                                0x00002a34   Section        0  vl53l1_platform_2dx4.o(i.readI2C)
    i.writeI2C                               0x00002a80   Section        0  vl53l1_platform_2dx4.o(i.writeI2C)
    i.writeRegisterIndex                     0x00002b20   Section        0  vl53l1_platform_2dx4.o(i.writeRegisterIndex)
    i.writeRegisterIndex_nostop              0x00002ba8   Section        0  vl53l1_platform_2dx4.o(i.writeRegisterIndex_nostop)
    locale$$code                             0x00002c30   Section       44  lc_numeric_c.o(locale$$code)
    x$fpl$basic                              0x00002c5c   Section       24  basic.o(x$fpl$basic)
    $v0                                      0x00002c5c   Number         0  basic.o(x$fpl$basic)
    x$fpl$d2f                                0x00002c74   Section       98  d2f.o(x$fpl$d2f)
    $v0                                      0x00002c74   Number         0  d2f.o(x$fpl$d2f)
    x$fpl$dadd                               0x00002cd8   Section      336  daddsub_clz.o(x$fpl$dadd)
    $v0                                      0x00002cd8   Number         0  daddsub_clz.o(x$fpl$dadd)
    _dadd1                                   0x00002ce9   Thumb Code     0  daddsub_clz.o(x$fpl$dadd)
    x$fpl$ddiv                               0x00002e28   Section      688  ddiv.o(x$fpl$ddiv)
    $v0                                      0x00002e28   Number         0  ddiv.o(x$fpl$ddiv)
    ddiv_entry                               0x00002e2f   Thumb Code     0  ddiv.o(x$fpl$ddiv)
    x$fpl$dfix                               0x000030d8   Section       94  dfix.o(x$fpl$dfix)
    $v0                                      0x000030d8   Number         0  dfix.o(x$fpl$dfix)
    x$fpl$dflt                               0x00003136   Section       46  dflt_clz.o(x$fpl$dflt)
    $v0                                      0x00003136   Number         0  dflt_clz.o(x$fpl$dflt)
    x$fpl$dfltu                              0x00003164   Section       38  dflt_clz.o(x$fpl$dfltu)
    $v0                                      0x00003164   Number         0  dflt_clz.o(x$fpl$dfltu)
    x$fpl$dmul                               0x0000318c   Section      340  dmul.o(x$fpl$dmul)
    $v0                                      0x0000318c   Number         0  dmul.o(x$fpl$dmul)
    x$fpl$dnaninf                            0x000032e0   Section      156  dnaninf.o(x$fpl$dnaninf)
    $v0                                      0x000032e0   Number         0  dnaninf.o(x$fpl$dnaninf)
    x$fpl$dretinf                            0x0000337c   Section       12  dretinf.o(x$fpl$dretinf)
    $v0                                      0x0000337c   Number         0  dretinf.o(x$fpl$dretinf)
    x$fpl$drsb                               0x00003388   Section       22  daddsub_clz.o(x$fpl$drsb)
    $v0                                      0x00003388   Number         0  daddsub_clz.o(x$fpl$drsb)
    x$fpl$dsub                               0x000033a0   Section      468  daddsub_clz.o(x$fpl$dsub)
    $v0                                      0x000033a0   Number         0  daddsub_clz.o(x$fpl$dsub)
    _dsub1                                   0x000033b1   Thumb Code     0  daddsub_clz.o(x$fpl$dsub)
    x$fpl$f2d                                0x00003574   Section       86  f2d.o(x$fpl$f2d)
    $v0                                      0x00003574   Number         0  f2d.o(x$fpl$f2d)
    x$fpl$fnaninf                            0x000035ca   Section      140  fnaninf.o(x$fpl$fnaninf)
    $v0                                      0x000035ca   Number         0  fnaninf.o(x$fpl$fnaninf)
    x$fpl$fpinit                             0x00003656   Section       10  fpinit.o(x$fpl$fpinit)
    $v0                                      0x00003656   Number         0  fpinit.o(x$fpl$fpinit)
    x$fpl$fretinf                            0x00003660   Section       10  fretinf.o(x$fpl$fretinf)
    $v0                                      0x00003660   Number         0  fretinf.o(x$fpl$fretinf)
    x$fpl$printf1                            0x0000366a   Section        4  printf1.o(x$fpl$printf1)
    $v0                                      0x0000366a   Number         0  printf1.o(x$fpl$printf1)
    .constdata                               0x0000366e   Section      115  vl53l1x_api.o(.constdata)
    x$fpl$usenofp                            0x0000366e   Section        0  usenofp.o(x$fpl$usenofp)
    status_rtn                               0x000036c9   Data          24  vl53l1x_api.o(.constdata)
    .constdata                               0x000036e8   Section       48  cos_i.o(.constdata)
    C                                        0x000036e8   Data          48  cos_i.o(.constdata)
    .constdata                               0x00003718   Section      200  rred.o(.constdata)
    pio2s                                    0x00003718   Data          48  rred.o(.constdata)
    twooverpi                                0x00003748   Data         152  rred.o(.constdata)
    .constdata                               0x000037e0   Section       40  sin_i.o(.constdata)
    S                                        0x000037e0   Data          40  sin_i.o(.constdata)
    .constdata                               0x00003808   Section      148  bigflt0.o(.constdata)
    tenpwrs_x                                0x00003808   Data          60  bigflt0.o(.constdata)
    tenpwrs_i                                0x00003844   Data          64  bigflt0.o(.constdata)
    locale$$data                             0x000038bc   Section       28  lc_numeric_c.o(locale$$data)
    __lcnum_c_name                           0x000038c0   Data           2  lc_numeric_c.o(locale$$data)
    __lcnum_c_start                          0x000038c8   Data           0  lc_numeric_c.o(locale$$data)
    __lcnum_c_point                          0x000038d4   Data           0  lc_numeric_c.o(locale$$data)
    __lcnum_c_thousands                      0x000038d6   Data           0  lc_numeric_c.o(locale$$data)
    __lcnum_c_grouping                       0x000038d7   Data           0  lc_numeric_c.o(locale$$data)
    __lcnum_c_end                            0x000038d8   Data           0  lc_numeric_c.o(locale$$data)
    .data                                    0x20000000   Section       12  2dx4_ds90-1.o(.data)
    .data                                    0x2000000c   Section        4  system_msp432e401y.o(.data)
    .bss                                     0x20000010   Section     1023  uart.o(.bss)
    printf_buffer                            0x20000010   Data        1023  uart.o(.bss)
    .bss                                     0x20000410   Section     1224  2dx4_ds90-1.o(.bss)
    printf_buffer                            0x20000410   Data        1023  2dx4_ds90-1.o(.bss)
    .bss                                     0x200008d8   Section       96  libspace.o(.bss)
    HEAP                                     0x20000938   Section        0  startup_msp432e401y_uvision.o(HEAP)
    STACK                                    0x20000938   Section      512  startup_msp432e401y_uvision.o(STACK)
    Heap_Mem                                 0x20000938   Data           0  startup_msp432e401y_uvision.o(HEAP)
    Stack_Mem                                0x20000938   Data         512  startup_msp432e401y_uvision.o(STACK)
    __initial_sp                             0x20000b38   Data           0  startup_msp432e401y_uvision.o(STACK)

    Global Symbols

    Symbol Name                              Value     Ov Type        Size  Object(Section)

    BuildAttributes$$THM_ISAv4$E$P$D$K$B$S$7EM$VFPi3$EXTD16$VFPS$VFMA$PE$A:L22UL41UL21$X:L11$S22US41US21$IEEE1$IW$USESV6$~STKCKD$USESV7$~SHL$OTIME$ROPI$IEEEX$EBA8$UX$STANDARDLIB$REQ8$PRES8$EABIv2 0x00000000   Number         0  anon$$obj.o ABSOLUTE
    __ARM_use_no_argv                        0x00000000   Number         0  2dx4_ds90-1.o ABSOLUTE
    __Vectors                                0x00000000   Data           4  startup_msp432e401y_uvision.o(RESET)
    __ARM_exceptions_init                     - Undefined Weak Reference
    __alloca_initialize                       - Undefined Weak Reference
    __arm_fini_                               - Undefined Weak Reference
    __arm_preinit_                            - Undefined Weak Reference
    __cpp_initialize__aeabi_                  - Undefined Weak Reference
    __cxa_finalize                            - Undefined Weak Reference
    __sigvec_lookup                           - Undefined Weak Reference
    _atexit_init                              - Undefined Weak Reference
    _call_atexit_fns                          - Undefined Weak Reference
    _clock_init                               - Undefined Weak Reference
    _fp_trap_init                             - Undefined Weak Reference
    _fp_trap_shutdown                         - Undefined Weak Reference
    _get_lc_collate                           - Undefined Weak Reference
    _get_lc_ctype                             - Undefined Weak Reference
    _get_lc_monetary                          - Undefined Weak Reference
    _get_lc_time                              - Undefined Weak Reference
    _getenv_init                              - Undefined Weak Reference
    _handle_redirection                       - Undefined Weak Reference
    _init_alloc                               - Undefined Weak Reference
    _init_user_alloc                          - Undefined Weak Reference
    _initio                                   - Undefined Weak Reference
    _printf_post_padding                      - Undefined Weak Reference
    _printf_pre_padding                       - Undefined Weak Reference
    _printf_truncate_signed                   - Undefined Weak Reference
    _printf_truncate_unsigned                 - Undefined Weak Reference
    _rand_init                                - Undefined Weak Reference
    _signal_finish                            - Undefined Weak Reference
    _signal_init                              - Undefined Weak Reference
    _terminate_alloc                          - Undefined Weak Reference
    _terminate_user_alloc                     - Undefined Weak Reference
    _terminateio                              - Undefined Weak Reference
    __Vectors_End                            0x000001fc   Data           0  startup_msp432e401y_uvision.o(RESET)
    __Vectors_Size                           0x000001fc   Number         0  startup_msp432e401y_uvision.o ABSOLUTE
    __main                                   0x000001fd   Thumb Code     8  __main.o(!!!main)
    __scatterload                            0x00000205   Thumb Code     0  __scatter.o(!!!scatter)
    __scatterload_rt2                        0x00000205   Thumb Code    44  __scatter.o(!!!scatter)
    __scatterload_rt2_thumb_only             0x00000205   Thumb Code     0  __scatter.o(!!!scatter)
    __scatterload_null                       0x00000213   Thumb Code     0  __scatter.o(!!!scatter)
    __scatterload_copy                       0x00000239   Thumb Code    26  __scatter_copy.o(!!handler_copy)
    __scatterload_zeroinit                   0x00000255   Thumb Code    28  __scatter_zi.o(!!handler_zi)
    _printf_f                                0x00000271   Thumb Code     0  _printf_f.o(.ARM.Collect$$_printf_percent$$00000003)
    _printf_percent                          0x00000271   Thumb Code     0  _printf_percent.o(.ARM.Collect$$_printf_percent$$00000000)
    _printf_d                                0x00000277   Thumb Code     0  _printf_d.o(.ARM.Collect$$_printf_percent$$00000009)
    _printf_percent_end                      0x0000027d   Thumb Code     0  _printf_percent_end.o(.ARM.Collect$$_printf_percent$$00000017)
    __rt_lib_init                            0x00000281   Thumb Code     0  libinit.o(.ARM.Collect$$libinit$$00000000)
    __rt_lib_init_fp_1                       0x00000283   Thumb Code     0  libinit2.o(.ARM.Collect$$libinit$$00000001)
    __rt_lib_init_heap_1                     0x00000287   Thumb Code     0  libinit2.o(.ARM.Collect$$libinit$$0000000A)
    __rt_lib_init_lc_common                  0x00000287   Thumb Code     0  libinit2.o(.ARM.Collect$$libinit$$0000000F)
    __rt_lib_init_preinit_1                  0x00000287   Thumb Code     0  libinit2.o(.ARM.Collect$$libinit$$00000004)
    __rt_lib_init_rand_1                     0x00000287   Thumb Code     0  libinit2.o(.ARM.Collect$$libinit$$0000000E)
    __rt_lib_init_user_alloc_1               0x00000287   Thumb Code     0  libinit2.o(.ARM.Collect$$libinit$$0000000C)
    __rt_lib_init_lc_collate_1               0x0000028d   Thumb Code     0  libinit2.o(.ARM.Collect$$libinit$$00000011)
    __rt_lib_init_lc_ctype_1                 0x0000028d   Thumb Code     0  libinit2.o(.ARM.Collect$$libinit$$00000013)
    __rt_lib_init_lc_monetary_1              0x0000028d   Thumb Code     0  libinit2.o(.ARM.Collect$$libinit$$00000015)
    __rt_lib_init_lc_numeric_2               0x0000028d   Thumb Code     0  libinit2.o(.ARM.Collect$$libinit$$00000016)
    __rt_lib_init_alloca_1                   0x00000297   Thumb Code     0  libinit2.o(.ARM.Collect$$libinit$$0000002E)
    __rt_lib_init_argv_1                     0x00000297   Thumb Code     0  libinit2.o(.ARM.Collect$$libinit$$0000002C)
    __rt_lib_init_atexit_1                   0x00000297   Thumb Code     0  libinit2.o(.ARM.Collect$$libinit$$0000001B)
    __rt_lib_init_clock_1                    0x00000297   Thumb Code     0  libinit2.o(.ARM.Collect$$libinit$$00000021)
    __rt_lib_init_cpp_1                      0x00000297   Thumb Code     0  libinit2.o(.ARM.Collect$$libinit$$00000032)
    __rt_lib_init_exceptions_1               0x00000297   Thumb Code     0  libinit2.o(.ARM.Collect$$libinit$$00000030)
    __rt_lib_init_fp_trap_1                  0x00000297   Thumb Code     0  libinit2.o(.ARM.Collect$$libinit$$0000001F)
    __rt_lib_init_getenv_1                   0x00000297   Thumb Code     0  libinit2.o(.ARM.Collect$$libinit$$00000023)
    __rt_lib_init_lc_numeric_1               0x00000297   Thumb Code     0  libinit2.o(.ARM.Collect$$libinit$$00000017)
    __rt_lib_init_lc_time_1                  0x00000297   Thumb Code     0  libinit2.o(.ARM.Collect$$libinit$$00000019)
    __rt_lib_init_return                     0x00000297   Thumb Code     0  libinit2.o(.ARM.Collect$$libinit$$00000033)
    __rt_lib_init_signal_1                   0x00000297   Thumb Code     0  libinit2.o(.ARM.Collect$$libinit$$0000001D)
    __rt_lib_init_stdio_1                    0x00000297   Thumb Code     0  libinit2.o(.ARM.Collect$$libinit$$00000025)
    __rt_lib_shutdown                        0x00000299   Thumb Code     0  libshutdown.o(.ARM.Collect$$libshutdown$$00000000)
    __rt_lib_shutdown_cpp_1                  0x0000029b   Thumb Code     0  libshutdown2.o(.ARM.Collect$$libshutdown$$00000004)
    __rt_lib_shutdown_fini_1                 0x0000029b   Thumb Code     0  libshutdown2.o(.ARM.Collect$$libshutdown$$00000002)
    __rt_lib_shutdown_fp_trap_1              0x0000029b   Thumb Code     0  libshutdown2.o(.ARM.Collect$$libshutdown$$00000009)
    __rt_lib_shutdown_heap_1                 0x0000029b   Thumb Code     0  libshutdown2.o(.ARM.Collect$$libshutdown$$00000011)
    __rt_lib_shutdown_return                 0x0000029b   Thumb Code     0  libshutdown2.o(.ARM.Collect$$libshutdown$$00000012)
    __rt_lib_shutdown_signal_1               0x0000029b   Thumb Code     0  libshutdown2.o(.ARM.Collect$$libshutdown$$0000000C)
    __rt_lib_shutdown_stdio_1                0x0000029b   Thumb Code     0  libshutdown2.o(.ARM.Collect$$libshutdown$$00000006)
    __rt_lib_shutdown_user_alloc_1           0x0000029b   Thumb Code     0  libshutdown2.o(.ARM.Collect$$libshutdown$$0000000E)
    __rt_entry                               0x0000029d   Thumb Code     0  __rtentry.o(.ARM.Collect$$rtentry$$00000000)
    __rt_entry_presh_1                       0x0000029d   Thumb Code     0  __rtentry2.o(.ARM.Collect$$rtentry$$00000002)
    __rt_entry_sh                            0x0000029d   Thumb Code     0  __rtentry4.o(.ARM.Collect$$rtentry$$00000004)
    __rt_entry_li                            0x000002a3   Thumb Code     0  __rtentry2.o(.ARM.Collect$$rtentry$$0000000A)
    __rt_entry_postsh_1                      0x000002a3   Thumb Code     0  __rtentry2.o(.ARM.Collect$$rtentry$$00000009)
    __rt_entry_main                          0x000002a7   Thumb Code     0  __rtentry2.o(.ARM.Collect$$rtentry$$0000000D)
    __rt_entry_postli_1                      0x000002a7   Thumb Code     0  __rtentry2.o(.ARM.Collect$$rtentry$$0000000C)
    __rt_exit                                0x000002af   Thumb Code     0  rtexit.o(.ARM.Collect$$rtexit$$00000000)
    __rt_exit_ls                             0x000002b1   Thumb Code     0  rtexit2.o(.ARM.Collect$$rtexit$$00000003)
    __rt_exit_prels_1                        0x000002b1   Thumb Code     0  rtexit2.o(.ARM.Collect$$rtexit$$00000002)
    __rt_exit_exit                           0x000002b5   Thumb Code     0  rtexit2.o(.ARM.Collect$$rtexit$$00000004)
    Reset_Handler                            0x000002bd   Thumb Code     8  startup_msp432e401y_uvision.o(.text)
    NMI_Handler                              0x000002c5   Thumb Code     2  startup_msp432e401y_uvision.o(.text)
    HardFault_Handler                        0x000002c7   Thumb Code     2  startup_msp432e401y_uvision.o(.text)
    MemManage_Handler                        0x000002c9   Thumb Code     2  startup_msp432e401y_uvision.o(.text)
    BusFault_Handler                         0x000002cb   Thumb Code     2  startup_msp432e401y_uvision.o(.text)
    UsageFault_Handler                       0x000002cd   Thumb Code     2  startup_msp432e401y_uvision.o(.text)
    SVC_Handler                              0x000002cf   Thumb Code     2  startup_msp432e401y_uvision.o(.text)
    DebugMon_Handler                         0x000002d1   Thumb Code     2  startup_msp432e401y_uvision.o(.text)
    PendSV_Handler                           0x000002d3   Thumb Code     2  startup_msp432e401y_uvision.o(.text)
    SysTick_Handler                          0x000002d5   Thumb Code     2  startup_msp432e401y_uvision.o(.text)
    ADC0SS0_IRQHandler                       0x000002d7   Thumb Code     0  startup_msp432e401y_uvision.o(.text)
    ADC0SS1_IRQHandler                       0x000002d7   Thumb Code     0  startup_msp432e401y_uvision.o(.text)
    ADC0SS2_IRQHandler                       0x000002d7   Thumb Code     0  startup_msp432e401y_uvision.o(.text)
    ADC0SS3_IRQHandler                       0x000002d7   Thumb Code     0  startup_msp432e401y_uvision.o(.text)
    ADC1SS0_IRQHandler                       0x000002d7   Thumb Code     0  startup_msp432e401y_uvision.o(.text)
    ADC1SS1_IRQHandler                       0x000002d7   Thumb Code     0  startup_msp432e401y_uvision.o(.text)
    ADC1SS2_IRQHandler                       0x000002d7   Thumb Code     0  startup_msp432e401y_uvision.o(.text)
    ADC1SS3_IRQHandler                       0x000002d7   Thumb Code     0  startup_msp432e401y_uvision.o(.text)
    AES0_IRQHandler                          0x000002d7   Thumb Code     0  startup_msp432e401y_uvision.o(.text)
    CAN0_IRQHandler                          0x000002d7   Thumb Code     0  startup_msp432e401y_uvision.o(.text)
    CAN1_IRQHandler                          0x000002d7   Thumb Code     0  startup_msp432e401y_uvision.o(.text)
    COMP0_IRQHandler                         0x000002d7   Thumb Code     0  startup_msp432e401y_uvision.o(.text)
    COMP1_IRQHandler                         0x000002d7   Thumb Code     0  startup_msp432e401y_uvision.o(.text)
    COMP2_IRQHandler                         0x000002d7   Thumb Code     0  startup_msp432e401y_uvision.o(.text)
    DES0_IRQHandler                          0x000002d7   Thumb Code     0  startup_msp432e401y_uvision.o(.text)
    EMAC0_IRQHandler                         0x000002d7   Thumb Code     0  startup_msp432e401y_uvision.o(.text)
    EPI0_IRQHandler                          0x000002d7   Thumb Code     0  startup_msp432e401y_uvision.o(.text)
    FLASH_IRQHandler                         0x000002d7   Thumb Code     0  startup_msp432e401y_uvision.o(.text)
    GPIOA_IRQHandler                         0x000002d7   Thumb Code     0  startup_msp432e401y_uvision.o(.text)
    GPIOB_IRQHandler                         0x000002d7   Thumb Code     0  startup_msp432e401y_uvision.o(.text)
    GPIOC_IRQHandler                         0x000002d7   Thumb Code     0  startup_msp432e401y_uvision.o(.text)
    GPIOD_IRQHandler                         0x000002d7   Thumb Code     0  startup_msp432e401y_uvision.o(.text)
    GPIOE_IRQHandler                         0x000002d7   Thumb Code     0  startup_msp432e401y_uvision.o(.text)
    GPIOF_IRQHandler                         0x000002d7   Thumb Code     0  startup_msp432e401y_uvision.o(.text)
    GPIOG_IRQHandler                         0x000002d7   Thumb Code     0  startup_msp432e401y_uvision.o(.text)
    GPIOH_IRQHandler                         0x000002d7   Thumb Code     0  startup_msp432e401y_uvision.o(.text)
    GPIOJ_IRQHandler                         0x000002d7   Thumb Code     0  startup_msp432e401y_uvision.o(.text)
    GPIOK_IRQHandler                         0x000002d7   Thumb Code     0  startup_msp432e401y_uvision.o(.text)
    GPIOL_IRQHandler                         0x000002d7   Thumb Code     0  startup_msp432e401y_uvision.o(.text)
    GPIOM_IRQHandler                         0x000002d7   Thumb Code     0  startup_msp432e401y_uvision.o(.text)
    GPION_IRQHandler                         0x000002d7   Thumb Code     0  startup_msp432e401y_uvision.o(.text)
    GPIOP0_IRQHandler                        0x000002d7   Thumb Code     0  startup_msp432e401y_uvision.o(.text)
    GPIOP1_IRQHandler                        0x000002d7   Thumb Code     0  startup_msp432e401y_uvision.o(.text)
    GPIOP2_IRQHandler                        0x000002d7   Thumb Code     0  startup_msp432e401y_uvision.o(.text)
    GPIOP3_IRQHandler                        0x000002d7   Thumb Code     0  startup_msp432e401y_uvision.o(.text)
    GPIOP4_IRQHandler                        0x000002d7   Thumb Code     0  startup_msp432e401y_uvision.o(.text)
    GPIOP5_IRQHandler                        0x000002d7   Thumb Code     0  startup_msp432e401y_uvision.o(.text)
    GPIOP6_IRQHandler                        0x000002d7   Thumb Code     0  startup_msp432e401y_uvision.o(.text)
    GPIOP7_IRQHandler                        0x000002d7   Thumb Code     0  startup_msp432e401y_uvision.o(.text)
    GPIOQ0_IRQHandler                        0x000002d7   Thumb Code     0  startup_msp432e401y_uvision.o(.text)
    GPIOQ1_IRQHandler                        0x000002d7   Thumb Code     0  startup_msp432e401y_uvision.o(.text)
    GPIOQ2_IRQHandler                        0x000002d7   Thumb Code     0  startup_msp432e401y_uvision.o(.text)
    GPIOQ3_IRQHandler                        0x000002d7   Thumb Code     0  startup_msp432e401y_uvision.o(.text)
    GPIOQ4_IRQHandler                        0x000002d7   Thumb Code     0  startup_msp432e401y_uvision.o(.text)
    GPIOQ5_IRQHandler                        0x000002d7   Thumb Code     0  startup_msp432e401y_uvision.o(.text)
    GPIOQ6_IRQHandler                        0x000002d7   Thumb Code     0  startup_msp432e401y_uvision.o(.text)
    GPIOQ7_IRQHandler                        0x000002d7   Thumb Code     0  startup_msp432e401y_uvision.o(.text)
    HIBERNATE_IRQHandler                     0x000002d7   Thumb Code     0  startup_msp432e401y_uvision.o(.text)
    I2C0_IRQHandler                          0x000002d7   Thumb Code     0  startup_msp432e401y_uvision.o(.text)
    I2C1_IRQHandler                          0x000002d7   Thumb Code     0  startup_msp432e401y_uvision.o(.text)
    I2C2_IRQHandler                          0x000002d7   Thumb Code     0  startup_msp432e401y_uvision.o(.text)
    I2C3_IRQHandler                          0x000002d7   Thumb Code     0  startup_msp432e401y_uvision.o(.text)
    I2C4_IRQHandler                          0x000002d7   Thumb Code     0  startup_msp432e401y_uvision.o(.text)
    I2C5_IRQHandler                          0x000002d7   Thumb Code     0  startup_msp432e401y_uvision.o(.text)
    I2C6_IRQHandler                          0x000002d7   Thumb Code     0  startup_msp432e401y_uvision.o(.text)
    I2C7_IRQHandler                          0x000002d7   Thumb Code     0  startup_msp432e401y_uvision.o(.text)
    I2C8_IRQHandler                          0x000002d7   Thumb Code     0  startup_msp432e401y_uvision.o(.text)
    I2C9_IRQHandler                          0x000002d7   Thumb Code     0  startup_msp432e401y_uvision.o(.text)
    PWM0_0_IRQHandler                        0x000002d7   Thumb Code     0  startup_msp432e401y_uvision.o(.text)
    PWM0_1_IRQHandler                        0x000002d7   Thumb Code     0  startup_msp432e401y_uvision.o(.text)
    PWM0_2_IRQHandler                        0x000002d7   Thumb Code     0  startup_msp432e401y_uvision.o(.text)
    PWM0_3_IRQHandler                        0x000002d7   Thumb Code     0  startup_msp432e401y_uvision.o(.text)
    PWM0_FAULT_IRQHandler                    0x000002d7   Thumb Code     0  startup_msp432e401y_uvision.o(.text)
    QEI0_IRQHandler                          0x000002d7   Thumb Code     0  startup_msp432e401y_uvision.o(.text)
    SHA0_IRQHandler                          0x000002d7   Thumb Code     0  startup_msp432e401y_uvision.o(.text)
    SSI0_IRQHandler                          0x000002d7   Thumb Code     0  startup_msp432e401y_uvision.o(.text)
    SSI1_IRQHandler                          0x000002d7   Thumb Code     0  startup_msp432e401y_uvision.o(.text)
    SSI2_IRQHandler                          0x000002d7   Thumb Code     0  startup_msp432e401y_uvision.o(.text)
    SSI3_IRQHandler                          0x000002d7   Thumb Code     0  startup_msp432e401y_uvision.o(.text)
    SYSCTL_IRQHandler                        0x000002d7   Thumb Code     0  startup_msp432e401y_uvision.o(.text)
    SYSEXC_IRQHandler                        0x000002d7   Thumb Code     0  startup_msp432e401y_uvision.o(.text)
    TAMPER0_IRQHandler                       0x000002d7   Thumb Code     0  startup_msp432e401y_uvision.o(.text)
    TIMER0A_IRQHandler                       0x000002d7   Thumb Code     0  startup_msp432e401y_uvision.o(.text)
    TIMER0B_IRQHandler                       0x000002d7   Thumb Code     0  startup_msp432e401y_uvision.o(.text)
    TIMER1A_IRQHandler                       0x000002d7   Thumb Code     0  startup_msp432e401y_uvision.o(.text)
    TIMER1B_IRQHandler                       0x000002d7   Thumb Code     0  startup_msp432e401y_uvision.o(.text)
    TIMER2A_IRQHandler                       0x000002d7   Thumb Code     0  startup_msp432e401y_uvision.o(.text)
    TIMER2B_IRQHandler                       0x000002d7   Thumb Code     0  startup_msp432e401y_uvision.o(.text)
    TIMER3A_IRQHandler                       0x000002d7   Thumb Code     0  startup_msp432e401y_uvision.o(.text)
    TIMER3B_IRQHandler                       0x000002d7   Thumb Code     0  startup_msp432e401y_uvision.o(.text)
    TIMER4A_IRQHandler                       0x000002d7   Thumb Code     0  startup_msp432e401y_uvision.o(.text)
    TIMER4B_IRQHandler                       0x000002d7   Thumb Code     0  startup_msp432e401y_uvision.o(.text)
    TIMER5A_IRQHandler                       0x000002d7   Thumb Code     0  startup_msp432e401y_uvision.o(.text)
    TIMER5B_IRQHandler                       0x000002d7   Thumb Code     0  startup_msp432e401y_uvision.o(.text)
    TIMER6A_IRQHandler                       0x000002d7   Thumb Code     0  startup_msp432e401y_uvision.o(.text)
    TIMER6B_IRQHandler                       0x000002d7   Thumb Code     0  startup_msp432e401y_uvision.o(.text)
    TIMER7A_IRQHandler                       0x000002d7   Thumb Code     0  startup_msp432e401y_uvision.o(.text)
    TIMER7B_IRQHandler                       0x000002d7   Thumb Code     0  startup_msp432e401y_uvision.o(.text)
    UART0_IRQHandler                         0x000002d7   Thumb Code     0  startup_msp432e401y_uvision.o(.text)
    UART1_IRQHandler                         0x000002d7   Thumb Code     0  startup_msp432e401y_uvision.o(.text)
    UART2_IRQHandler                         0x000002d7   Thumb Code     0  startup_msp432e401y_uvision.o(.text)
    UART3_IRQHandler                         0x000002d7   Thumb Code     0  startup_msp432e401y_uvision.o(.text)
    UART4_IRQHandler                         0x000002d7   Thumb Code     0  startup_msp432e401y_uvision.o(.text)
    UART5_IRQHandler                         0x000002d7   Thumb Code     0  startup_msp432e401y_uvision.o(.text)
    UART6_IRQHandler                         0x000002d7   Thumb Code     0  startup_msp432e401y_uvision.o(.text)
    UART7_IRQHandler                         0x000002d7   Thumb Code     0  startup_msp432e401y_uvision.o(.text)
    UDMAERR_IRQHandler                       0x000002d7   Thumb Code     0  startup_msp432e401y_uvision.o(.text)
    UDMA_IRQHandler                          0x000002d7   Thumb Code     0  startup_msp432e401y_uvision.o(.text)
    USB0_IRQHandler                          0x000002d7   Thumb Code     0  startup_msp432e401y_uvision.o(.text)
    WATCHDOG_IRQHandler                      0x000002d7   Thumb Code     0  startup_msp432e401y_uvision.o(.text)
    __user_initial_stackheap                 0x000002d9   Thumb Code    10  startup_msp432e401y_uvision.o(.text)
    __2sprintf                               0x000002f9   Thumb Code    34  noretval__2sprintf.o(.text)
    __printf                                 0x00000321   Thumb Code   104  __printf.o(.text)
    _printf_int_dec                          0x00000389   Thumb Code   104  _printf_dec.o(.text)
    __use_two_region_memory                  0x00000401   Thumb Code     2  heapauxi.o(.text)
    __rt_heap_escrow$2region                 0x00000403   Thumb Code     2  heapauxi.o(.text)
    __rt_heap_expand$2region                 0x00000405   Thumb Code     2  heapauxi.o(.text)
    __read_errno                             0x00000407   Thumb Code    10  _rserrno.o(.text)
    __set_errno                              0x00000411   Thumb Code    12  _rserrno.o(.text)
    _printf_int_common                       0x0000041d   Thumb Code   178  _printf_intcommon.o(.text)
    __lib_sel_fp_printf                      0x000004cf   Thumb Code     2  _printf_fp_dec.o(.text)
    _printf_fp_dec_real                      0x00000681   Thumb Code   620  _printf_fp_dec.o(.text)
    _printf_char_common                      0x000008f7   Thumb Code    32  _printf_char_common.o(.text)
    _sputc                                   0x0000091d   Thumb Code    10  _sputc.o(.text)
    __rt_locale                              0x00000929   Thumb Code     8  rt_locale_intlibspace.o(.text)
    __aeabi_errno_addr                       0x00000931   Thumb Code     8  rt_errno_addr_intlibspace.o(.text)
    __errno$intlibspace                      0x00000931   Thumb Code     0  rt_errno_addr_intlibspace.o(.text)
    __rt_errno_addr$intlibspace              0x00000931   Thumb Code     0  rt_errno_addr_intlibspace.o(.text)
    _ll_udiv10                               0x00000939   Thumb Code   138  lludiv10.o(.text)
    _printf_fp_infnan                        0x000009c5   Thumb Code   112  _printf_fp_infnan.o(.text)
    _btod_etento                             0x00000a45   Thumb Code   224  bigflt0.o(.text)
    __user_libspace                          0x00000b29   Thumb Code     8  libspace.o(.text)
    __user_perproc_libspace                  0x00000b29   Thumb Code     0  libspace.o(.text)
    __user_perthread_libspace                0x00000b29   Thumb Code     0  libspace.o(.text)
    __user_setup_stackheap                   0x00000b31   Thumb Code    74  sys_stackheap_outer.o(.text)
    exit                                     0x00000b7b   Thumb Code    18  exit.o(.text)
    strcmp                                   0x00000b8d   Thumb Code   128  strcmpv7m.o(.text)
    _sys_exit                                0x00000c0d   Thumb Code     8  sys_exit.o(.text)
    __I$use$semihosting                      0x00000c19   Thumb Code     0  use_no_semi.o(.text)
    __use_no_semihosting_swi                 0x00000c19   Thumb Code     2  use_no_semi.o(.text)
    __semihosting_library_function           0x00000c1b   Thumb Code     0  indicate_semi.o(.text)
    _btod_d2e                                0x00000c1b   Thumb Code    62  btod.o(CL$$btod_d2e)
    _d2e_denorm_low                          0x00000c59   Thumb Code    70  btod.o(CL$$btod_d2e_denorm_low)
    _d2e_norm_op1                            0x00000c9f   Thumb Code    96  btod.o(CL$$btod_d2e_norm_op1)
    __btod_div_common                        0x00000cff   Thumb Code   696  btod.o(CL$$btod_div_common)
    _e2e                                     0x00001037   Thumb Code   220  btod.o(CL$$btod_e2e)
    _btod_ediv                               0x00001113   Thumb Code    42  btod.o(CL$$btod_ediv)
    _btod_emul                               0x0000113d   Thumb Code    42  btod.o(CL$$btod_emul)
    __btod_mult_common                       0x00001167   Thumb Code   580  btod.o(CL$$btod_mult_common)
    FlashAllLEDs                             0x000013ad   Thumb Code    78  onboardleds.o(i.FlashAllLEDs)
    FlashI2CError                            0x00001409   Thumb Code    20  onboardleds.o(i.FlashI2CError)
    FlashI2CRx                               0x0000141d   Thumb Code    10  onboardleds.o(i.FlashI2CRx)
    FlashI2CTx                               0x00001427   Thumb Code    10  onboardleds.o(i.FlashI2CTx)
    FlashLED1                                0x00001431   Thumb Code    58  onboardleds.o(i.FlashLED1)
    FlashLED2                                0x00001475   Thumb Code    58  onboardleds.o(i.FlashLED2)
    FlashLED4                                0x000014b9   Thumb Code    58  onboardleds.o(i.FlashLED4)
    I2C_Init                                 0x000014fd   Thumb Code   114  2dx4_ds90-1.o(i.I2C_Init)
    PLL_Init                                 0x00001589   Thumb Code   272  pll.o(i.PLL_Init)
    PortE_Init                               0x000016a5   Thumb Code    40  2dx4_ds90-1.o(i.PortE_Init)
    PortF_Init                               0x000016dd   Thumb Code    38  2dx4_ds90-1.o(i.PortF_Init)
    PortK_Init                               0x00001715   Thumb Code    38  2dx4_ds90-1.o(i.PortK_Init)
    Status_Check                             0x0000174d   Thumb Code    46  uart.o(i.Status_Check)
    SysTick_Init                             0x000017a5   Thumb Code    24  systick.o(i.SysTick_Init)
    SysTick_Wait                             0x000017bd   Thumb Code    32  systick.o(i.SysTick_Wait)
    SysTick_Wait10ms                         0x000017dd   Thumb Code    22  systick.o(i.SysTick_Wait10ms)
    SystemInit                               0x000017f9   Thumb Code    20  system_msp432e401y.o(i.SystemInit)
    UART_Init                                0x00001819   Thumb Code   172  uart.o(i.UART_Init)
    UART_OutChar                             0x000018e5   Thumb Code    20  uart.o(i.UART_OutChar)
    UART_printf                              0x000018fd   Thumb Code    24  uart.o(i.UART_printf)
    VL53L1X_BootState                        0x00001915   Thumb Code    34  vl53l1x_api.o(i.VL53L1X_BootState)
    VL53L1X_CheckForDataReady                0x00001937   Thumb Code    62  vl53l1x_api.o(i.VL53L1X_CheckForDataReady)
    VL53L1X_ClearInterrupt                   0x00001975   Thumb Code    22  vl53l1x_api.o(i.VL53L1X_ClearInterrupt)
    VL53L1X_GetDistance                      0x0000198b   Thumb Code    30  vl53l1x_api.o(i.VL53L1X_GetDistance)
    VL53L1X_GetInterruptPolarity             0x000019a9   Thumb Code    50  vl53l1x_api.o(i.VL53L1X_GetInterruptPolarity)
    VL53L1X_GetSensorId                      0x000019db   Thumb Code    36  vl53l1x_api.o(i.VL53L1X_GetSensorId)
    VL53L1X_SensorInit                       0x00001a01   Thumb Code   174  vl53l1x_api.o(i.VL53L1X_SensorInit)
    VL53L1X_StartRanging                     0x00001afd   Thumb Code    22  vl53l1x_api.o(i.VL53L1X_StartRanging)
    VL53L1X_StopRanging                      0x00001b13   Thumb Code    22  vl53l1x_api.o(i.VL53L1X_StopRanging)
    VL53L1_RdByte                            0x00001b29   Thumb Code    36  vl53l1_platform_2dx4.o(i.VL53L1_RdByte)
    VL53L1_RdWord                            0x00001b4d   Thumb Code    56  vl53l1_platform_2dx4.o(i.VL53L1_RdWord)
    VL53L1_WrByte                            0x00001b85   Thumb Code    30  vl53l1_platform_2dx4.o(i.VL53L1_WrByte)
    __ARM_fpclassify                         0x00001ba3   Thumb Code    48  fpclassify.o(i.__ARM_fpclassify)
    __hardfp_cos                             0x00001bd9   Thumb Code   180  cos.o(i.__hardfp_cos)
    __hardfp_sin                             0x00001ca1   Thumb Code   180  sin.o(i.__hardfp_sin)
    __ieee754_rem_pio2                       0x00001d69   Thumb Code   938  rred.o(i.__ieee754_rem_pio2)
    __kernel_cos                             0x000021a1   Thumb Code   322  cos_i.o(i.__kernel_cos)
    __kernel_poly                            0x00002311   Thumb Code   248  poly.o(i.__kernel_poly)
    __kernel_sin                             0x00002409   Thumb Code   280  sin_i.o(i.__kernel_sin)
    __mathlib_dbl_infnan                     0x00002539   Thumb Code    20  dunder.o(i.__mathlib_dbl_infnan)
    __mathlib_dbl_invalid                    0x00002551   Thumb Code    24  dunder.o(i.__mathlib_dbl_invalid)
    __mathlib_dbl_underflow                  0x00002571   Thumb Code    24  dunder.o(i.__mathlib_dbl_underflow)
    beginRxI2C                               0x00002591   Thumb Code    24  vl53l1_platform_2dx4.o(i.beginRxI2C)
    beginTxI2C                               0x000025ad   Thumb Code    24  vl53l1_platform_2dx4.o(i.beginTxI2C)
    fabs                                     0x000025c9   Thumb Code    24  fabs.o(i.fabs)
    main                                     0x000025e1   Thumb Code   768  2dx4_ds90-1.o(i.main)
    motorRun                                 0x00002931   Thumb Code    56  2dx4_ds90-1.o(i.motorRun)
    onboardLEDs_Init                         0x00002971   Thumb Code   172  onboardleds.o(i.onboardLEDs_Init)
    readI2C                                  0x00002a35   Thumb Code    70  vl53l1_platform_2dx4.o(i.readI2C)
    writeI2C                                 0x00002a81   Thumb Code   154  vl53l1_platform_2dx4.o(i.writeI2C)
    writeRegisterIndex                       0x00002b21   Thumb Code   132  vl53l1_platform_2dx4.o(i.writeRegisterIndex)
    writeRegisterIndex_nostop                0x00002ba9   Thumb Code   132  vl53l1_platform_2dx4.o(i.writeRegisterIndex_nostop)
    _get_lc_numeric                          0x00002c31   Thumb Code    44  lc_numeric_c.o(locale$$code)
    __aeabi_dneg                             0x00002c5d   Thumb Code     0  basic.o(x$fpl$basic)
    _dneg                                    0x00002c5d   Thumb Code     6  basic.o(x$fpl$basic)
    __aeabi_fneg                             0x00002c63   Thumb Code     0  basic.o(x$fpl$basic)
    _fneg                                    0x00002c63   Thumb Code     6  basic.o(x$fpl$basic)
    _dabs                                    0x00002c69   Thumb Code     6  basic.o(x$fpl$basic)
    _fabs                                    0x00002c6f   Thumb Code     6  basic.o(x$fpl$basic)
    __aeabi_d2f                              0x00002c75   Thumb Code     0  d2f.o(x$fpl$d2f)
    _d2f                                     0x00002c75   Thumb Code    98  d2f.o(x$fpl$d2f)
    __aeabi_dadd                             0x00002cd9   Thumb Code     0  daddsub_clz.o(x$fpl$dadd)
    _dadd                                    0x00002cd9   Thumb Code   332  daddsub_clz.o(x$fpl$dadd)
    __aeabi_ddiv                             0x00002e29   Thumb Code     0  ddiv.o(x$fpl$ddiv)
    _ddiv                                    0x00002e29   Thumb Code   552  ddiv.o(x$fpl$ddiv)
    __aeabi_d2iz                             0x000030d9   Thumb Code     0  dfix.o(x$fpl$dfix)
    _dfix                                    0x000030d9   Thumb Code    94  dfix.o(x$fpl$dfix)
    __aeabi_i2d                              0x00003137   Thumb Code     0  dflt_clz.o(x$fpl$dflt)
    _dflt                                    0x00003137   Thumb Code    46  dflt_clz.o(x$fpl$dflt)
    __aeabi_ui2d                             0x00003165   Thumb Code     0  dflt_clz.o(x$fpl$dfltu)
    _dfltu                                   0x00003165   Thumb Code    38  dflt_clz.o(x$fpl$dfltu)
    __aeabi_dmul                             0x0000318d   Thumb Code     0  dmul.o(x$fpl$dmul)
    _dmul                                    0x0000318d   Thumb Code   332  dmul.o(x$fpl$dmul)
    __fpl_dnaninf                            0x000032e1   Thumb Code   156  dnaninf.o(x$fpl$dnaninf)
    __fpl_dretinf                            0x0000337d   Thumb Code    12  dretinf.o(x$fpl$dretinf)
    __aeabi_drsub                            0x00003389   Thumb Code     0  daddsub_clz.o(x$fpl$drsb)
    _drsb                                    0x00003389   Thumb Code    22  daddsub_clz.o(x$fpl$drsb)
    __aeabi_dsub                             0x000033a1   Thumb Code     0  daddsub_clz.o(x$fpl$dsub)
    _dsub                                    0x000033a1   Thumb Code   464  daddsub_clz.o(x$fpl$dsub)
    __aeabi_f2d                              0x00003575   Thumb Code     0  f2d.o(x$fpl$f2d)
    _f2d                                     0x00003575   Thumb Code    86  f2d.o(x$fpl$f2d)
    __fpl_fnaninf                            0x000035cb   Thumb Code   140  fnaninf.o(x$fpl$fnaninf)
    _fp_init                                 0x00003657   Thumb Code    10  fpinit.o(x$fpl$fpinit)
    __fplib_config_fpu_vfp                   0x0000365f   Thumb Code     0  fpinit.o(x$fpl$fpinit)
    __fplib_config_pureend_doubles           0x0000365f   Thumb Code     0  fpinit.o(x$fpl$fpinit)
    __fpl_fretinf                            0x00003661   Thumb Code    10  fretinf.o(x$fpl$fretinf)
    _printf_fp_dec                           0x0000366b   Thumb Code     4  printf1.o(x$fpl$printf1)
    VL51L1X_DEFAULT_CONFIGURATION            0x0000366e   Data          91  vl53l1x_api.o(.constdata)
    __I$use$fp                               0x0000366e   Number         0  usenofp.o(x$fpl$usenofp)
    Region$$Table$$Base                      0x0000389c   Number         0  anon$$obj.o(Region$$Table)
    Region$$Table$$Limit                     0x000038bc   Number         0  anon$$obj.o(Region$$Table)
    dev                                      0x20000000   Data           2  2dx4_ds90-1.o(.data)
    status                                   0x20000004   Data           4  2dx4_ds90-1.o(.data)
    IntCount                                 0x20000008   Data           4  2dx4_ds90-1.o(.data)
    SystemCoreClock                          0x2000000c   Data           4  system_msp432e401y.o(.data)
    debugArray                               0x20000810   Data         200  2dx4_ds90-1.o(.bss)
    __libspace_start                         0x200008d8   Data          96  libspace.o(.bss)
    __temporary_stack_top$libspace           0x20000938   Data           0  libspace.o(.bss)



==============================================================================

Memory Map of the image

  Image Entry point : 0x000002bd

  Load Region LR_1 (Base: 0x00000000, Size: 0x000038e8, Max: 0xffffffff, ABSOLUTE)

    Execution Region ER_RO (Exec base: 0x00000000, Load base: 0x00000000, Size: 0x000038d8, Max: 0xffffffff, ABSOLUTE)

    Exec Addr    Load Addr    Size         Type   Attr      Idx    E Section Name        Object

    0x00000000   0x00000000   0x000001fc   Data   RO          618    RESET               startup_msp432e401y_uvision.o
    0x000001fc   0x000001fc   0x00000008   Code   RO          717  * !!!main             c_w.l(__main.o)
    0x00000204   0x00000204   0x00000034   Code   RO         1040    !!!scatter          c_w.l(__scatter.o)
    0x00000238   0x00000238   0x0000001a   Code   RO         1042    !!handler_copy      c_w.l(__scatter_copy.o)
    0x00000252   0x00000252   0x00000002   PAD
    0x00000254   0x00000254   0x0000001c   Code   RO         1044    !!handler_zi        c_w.l(__scatter_zi.o)
    0x00000270   0x00000270   0x00000000   Code   RO          714    .ARM.Collect$$_printf_percent$$00000000  c_w.l(_printf_percent.o)
    0x00000270   0x00000270   0x00000006   Code   RO          713    .ARM.Collect$$_printf_percent$$00000003  c_w.l(_printf_f.o)
    0x00000276   0x00000276   0x00000006   Code   RO          712    .ARM.Collect$$_printf_percent$$00000009  c_w.l(_printf_d.o)
    0x0000027c   0x0000027c   0x00000004   Code   RO          782    .ARM.Collect$$_printf_percent$$00000017  c_w.l(_printf_percent_end.o)
    0x00000280   0x00000280   0x00000002   Code   RO          911    .ARM.Collect$$libinit$$00000000  c_w.l(libinit.o)
    0x00000282   0x00000282   0x00000004   Code   RO          912    .ARM.Collect$$libinit$$00000001  c_w.l(libinit2.o)
    0x00000286   0x00000286   0x00000000   Code   RO          915    .ARM.Collect$$libinit$$00000004  c_w.l(libinit2.o)
    0x00000286   0x00000286   0x00000000   Code   RO          918    .ARM.Collect$$libinit$$0000000A  c_w.l(libinit2.o)
    0x00000286   0x00000286   0x00000000   Code   RO          920    .ARM.Collect$$libinit$$0000000C  c_w.l(libinit2.o)
    0x00000286   0x00000286   0x00000000   Code   RO          922    .ARM.Collect$$libinit$$0000000E  c_w.l(libinit2.o)
    0x00000286   0x00000286   0x00000006   Code   RO          923    .ARM.Collect$$libinit$$0000000F  c_w.l(libinit2.o)
    0x0000028c   0x0000028c   0x00000000   Code   RO          925    .ARM.Collect$$libinit$$00000011  c_w.l(libinit2.o)
    0x0000028c   0x0000028c   0x00000000   Code   RO          927    .ARM.Collect$$libinit$$00000013  c_w.l(libinit2.o)
    0x0000028c   0x0000028c   0x00000000   Code   RO          929    .ARM.Collect$$libinit$$00000015  c_w.l(libinit2.o)
    0x0000028c   0x0000028c   0x0000000a   Code   RO          930    .ARM.Collect$$libinit$$00000016  c_w.l(libinit2.o)
    0x00000296   0x00000296   0x00000000   Code   RO          931    .ARM.Collect$$libinit$$00000017  c_w.l(libinit2.o)
    0x00000296   0x00000296   0x00000000   Code   RO          933    .ARM.Collect$$libinit$$00000019  c_w.l(libinit2.o)
    0x00000296   0x00000296   0x00000000   Code   RO          935    .ARM.Collect$$libinit$$0000001B  c_w.l(libinit2.o)
    0x00000296   0x00000296   0x00000000   Code   RO          937    .ARM.Collect$$libinit$$0000001D  c_w.l(libinit2.o)
    0x00000296   0x00000296   0x00000000   Code   RO          939    .ARM.Collect$$libinit$$0000001F  c_w.l(libinit2.o)
    0x00000296   0x00000296   0x00000000   Code   RO          941    .ARM.Collect$$libinit$$00000021  c_w.l(libinit2.o)
    0x00000296   0x00000296   0x00000000   Code   RO          943    .ARM.Collect$$libinit$$00000023  c_w.l(libinit2.o)
    0x00000296   0x00000296   0x00000000   Code   RO          945    .ARM.Collect$$libinit$$00000025  c_w.l(libinit2.o)
    0x00000296   0x00000296   0x00000000   Code   RO          949    .ARM.Collect$$libinit$$0000002C  c_w.l(libinit2.o)
    0x00000296   0x00000296   0x00000000   Code   RO          951    .ARM.Collect$$libinit$$0000002E  c_w.l(libinit2.o)
    0x00000296   0x00000296   0x00000000   Code   RO          953    .ARM.Collect$$libinit$$00000030  c_w.l(libinit2.o)
    0x00000296   0x00000296   0x00000000   Code   RO          955    .ARM.Collect$$libinit$$00000032  c_w.l(libinit2.o)
    0x00000296   0x00000296   0x00000002   Code   RO          956    .ARM.Collect$$libinit$$00000033  c_w.l(libinit2.o)
    0x00000298   0x00000298   0x00000002   Code   RO          986    .ARM.Collect$$libshutdown$$00000000  c_w.l(libshutdown.o)
    0x0000029a   0x0000029a   0x00000000   Code   RO          997    .ARM.Collect$$libshutdown$$00000002  c_w.l(libshutdown2.o)
    0x0000029a   0x0000029a   0x00000000   Code   RO          999    .ARM.Collect$$libshutdown$$00000004  c_w.l(libshutdown2.o)
    0x0000029a   0x0000029a   0x00000000   Code   RO         1001    .ARM.Collect$$libshutdown$$00000006  c_w.l(libshutdown2.o)
    0x0000029a   0x0000029a   0x00000000   Code   RO         1004    .ARM.Collect$$libshutdown$$00000009  c_w.l(libshutdown2.o)
    0x0000029a   0x0000029a   0x00000000   Code   RO         1007    .ARM.Collect$$libshutdown$$0000000C  c_w.l(libshutdown2.o)
    0x0000029a   0x0000029a   0x00000000   Code   RO         1009    .ARM.Collect$$libshutdown$$0000000E  c_w.l(libshutdown2.o)
    0x0000029a   0x0000029a   0x00000000   Code   RO         1012    .ARM.Collect$$libshutdown$$00000011  c_w.l(libshutdown2.o)
    0x0000029a   0x0000029a   0x00000002   Code   RO         1013    .ARM.Collect$$libshutdown$$00000012  c_w.l(libshutdown2.o)
    0x0000029c   0x0000029c   0x00000000   Code   RO          771    .ARM.Collect$$rtentry$$00000000  c_w.l(__rtentry.o)
    0x0000029c   0x0000029c   0x00000000   Code   RO          823    .ARM.Collect$$rtentry$$00000002  c_w.l(__rtentry2.o)
    0x0000029c   0x0000029c   0x00000006   Code   RO          835    .ARM.Collect$$rtentry$$00000004  c_w.l(__rtentry4.o)
    0x000002a2   0x000002a2   0x00000000   Code   RO          825    .ARM.Collect$$rtentry$$00000009  c_w.l(__rtentry2.o)
    0x000002a2   0x000002a2   0x00000004   Code   RO          826    .ARM.Collect$$rtentry$$0000000A  c_w.l(__rtentry2.o)
    0x000002a6   0x000002a6   0x00000000   Code   RO          828    .ARM.Collect$$rtentry$$0000000C  c_w.l(__rtentry2.o)
    0x000002a6   0x000002a6   0x00000008   Code   RO          829    .ARM.Collect$$rtentry$$0000000D  c_w.l(__rtentry2.o)
    0x000002ae   0x000002ae   0x00000002   Code   RO          957    .ARM.Collect$$rtexit$$00000000  c_w.l(rtexit.o)
    0x000002b0   0x000002b0   0x00000000   Code   RO          964    .ARM.Collect$$rtexit$$00000002  c_w.l(rtexit2.o)
    0x000002b0   0x000002b0   0x00000004   Code   RO          965    .ARM.Collect$$rtexit$$00000003  c_w.l(rtexit2.o)
    0x000002b4   0x000002b4   0x00000006   Code   RO          966    .ARM.Collect$$rtexit$$00000004  c_w.l(rtexit2.o)
    0x000002ba   0x000002ba   0x00000002   PAD
    0x000002bc   0x000002bc   0x0000003c   Code   RO          619  * .text               startup_msp432e401y_uvision.o
    0x000002f8   0x000002f8   0x00000028   Code   RO          686    .text               c_w.l(noretval__2sprintf.o)
    0x00000320   0x00000320   0x00000068   Code   RO          688    .text               c_w.l(__printf.o)
    0x00000388   0x00000388   0x00000078   Code   RO          690    .text               c_w.l(_printf_dec.o)
    0x00000400   0x00000400   0x00000006   Code   RO          715    .text               c_w.l(heapauxi.o)
    0x00000406   0x00000406   0x00000016   Code   RO          772    .text               c_w.l(_rserrno.o)
    0x0000041c   0x0000041c   0x000000b2   Code   RO          774    .text               c_w.l(_printf_intcommon.o)
    0x000004ce   0x000004ce   0x0000041e   Code   RO          776    .text               c_w.l(_printf_fp_dec.o)
    0x000008ec   0x000008ec   0x00000030   Code   RO          778    .text               c_w.l(_printf_char_common.o)
    0x0000091c   0x0000091c   0x0000000a   Code   RO          780    .text               c_w.l(_sputc.o)
    0x00000926   0x00000926   0x00000002   PAD
    0x00000928   0x00000928   0x00000008   Code   RO          840    .text               c_w.l(rt_locale_intlibspace.o)
    0x00000930   0x00000930   0x00000008   Code   RO          845    .text               c_w.l(rt_errno_addr_intlibspace.o)
    0x00000938   0x00000938   0x0000008a   Code   RO          847    .text               c_w.l(lludiv10.o)
    0x000009c2   0x000009c2   0x00000002   PAD
    0x000009c4   0x000009c4   0x00000080   Code   RO          849    .text               c_w.l(_printf_fp_infnan.o)
    0x00000a44   0x00000a44   0x000000e4   Code   RO          853    .text               c_w.l(bigflt0.o)
    0x00000b28   0x00000b28   0x00000008   Code   RO          897    .text               c_w.l(libspace.o)
    0x00000b30   0x00000b30   0x0000004a   Code   RO          900    .text               c_w.l(sys_stackheap_outer.o)
    0x00000b7a   0x00000b7a   0x00000012   Code   RO          902    .text               c_w.l(exit.o)
    0x00000b8c   0x00000b8c   0x00000080   Code   RO          904    .text               c_w.l(strcmpv7m.o)
    0x00000c0c   0x00000c0c   0x0000000c   Code   RO          976    .text               c_w.l(sys_exit.o)
    0x00000c18   0x00000c18   0x00000002   Code   RO          987    .text               c_w.l(use_no_semi.o)
    0x00000c1a   0x00000c1a   0x00000000   Code   RO          989    .text               c_w.l(indicate_semi.o)
    0x00000c1a   0x00000c1a   0x0000003e   Code   RO          856    CL$$btod_d2e        c_w.l(btod.o)
    0x00000c58   0x00000c58   0x00000046   Code   RO          858    CL$$btod_d2e_denorm_low  c_w.l(btod.o)
    0x00000c9e   0x00000c9e   0x00000060   Code   RO          857    CL$$btod_d2e_norm_op1  c_w.l(btod.o)
    0x00000cfe   0x00000cfe   0x00000338   Code   RO          866    CL$$btod_div_common  c_w.l(btod.o)
    0x00001036   0x00001036   0x000000dc   Code   RO          863    CL$$btod_e2e        c_w.l(btod.o)
    0x00001112   0x00001112   0x0000002a   Code   RO          860    CL$$btod_ediv       c_w.l(btod.o)
    0x0000113c   0x0000113c   0x0000002a   Code   RO          859    CL$$btod_emul       c_w.l(btod.o)
    0x00001166   0x00001166   0x00000244   Code   RO          865    CL$$btod_mult_common  c_w.l(btod.o)
    0x000013aa   0x000013aa   0x00000002   PAD
    0x000013ac   0x000013ac   0x0000005c   Code   RO          449    i.FlashAllLEDs      onboardleds.o
    0x00001408   0x00001408   0x00000014   Code   RO          450    i.FlashI2CError     onboardleds.o
    0x0000141c   0x0000141c   0x0000000a   Code   RO          451    i.FlashI2CRx        onboardleds.o
    0x00001426   0x00001426   0x0000000a   Code   RO          452    i.FlashI2CTx        onboardleds.o
    0x00001430   0x00001430   0x00000044   Code   RO          453    i.FlashLED1         onboardleds.o
    0x00001474   0x00001474   0x00000044   Code   RO          454    i.FlashLED2         onboardleds.o
    0x000014b8   0x000014b8   0x00000044   Code   RO          456    i.FlashLED4         onboardleds.o
    0x000014fc   0x000014fc   0x0000008c   Code   RO          551    i.I2C_Init          2dx4_ds90-1.o
    0x00001588   0x00001588   0x0000011c   Code   RO            1    i.PLL_Init          pll.o
    0x000016a4   0x000016a4   0x00000038   Code   RO          552    i.PortE_Init        2dx4_ds90-1.o
    0x000016dc   0x000016dc   0x00000038   Code   RO          553    i.PortF_Init        2dx4_ds90-1.o
    0x00001714   0x00001714   0x00000038   Code   RO          555    i.PortK_Init        2dx4_ds90-1.o
    0x0000174c   0x0000174c   0x00000058   Code   RO          509    i.Status_Check      uart.o
    0x000017a4   0x000017a4   0x00000018   Code   RO           21    i.SysTick_Init      systick.o
    0x000017bc   0x000017bc   0x00000020   Code   RO           22    i.SysTick_Wait      systick.o
    0x000017dc   0x000017dc   0x0000001c   Code   RO           23    i.SysTick_Wait10ms  systick.o
    0x000017f8   0x000017f8   0x00000020   Code   RO          628    i.SystemInit        system_msp432e401y.o
    0x00001818   0x00001818   0x000000cc   Code   RO          511    i.UART_Init         uart.o
    0x000018e4   0x000018e4   0x00000018   Code   RO          512    i.UART_OutChar      uart.o
    0x000018fc   0x000018fc   0x00000018   Code   RO          513    i.UART_printf       uart.o
    0x00001914   0x00001914   0x00000022   Code   RO          173    i.VL53L1X_BootState  vl53l1x_api.o
    0x00001936   0x00001936   0x0000003e   Code   RO          174    i.VL53L1X_CheckForDataReady  vl53l1x_api.o
    0x00001974   0x00001974   0x00000016   Code   RO          175    i.VL53L1X_ClearInterrupt  vl53l1x_api.o
    0x0000198a   0x0000198a   0x0000001e   Code   RO          178    i.VL53L1X_GetDistance  vl53l1x_api.o
    0x000019a8   0x000019a8   0x00000032   Code   RO          184    i.VL53L1X_GetInterruptPolarity  vl53l1x_api.o
    0x000019da   0x000019da   0x00000024   Code   RO          191    i.VL53L1X_GetSensorId  vl53l1x_api.o
    0x000019fe   0x000019fe   0x00000002   PAD
    0x00001a00   0x00001a00   0x000000fc   Code   RO          199    i.VL53L1X_SensorInit  vl53l1x_api.o
    0x00001afc   0x00001afc   0x00000016   Code   RO          212    i.VL53L1X_StartRanging  vl53l1x_api.o
    0x00001b12   0x00001b12   0x00000016   Code   RO          214    i.VL53L1X_StopRanging  vl53l1x_api.o
    0x00001b28   0x00001b28   0x00000024   Code   RO           45    i.VL53L1_RdByte     vl53l1_platform_2dx4.o
    0x00001b4c   0x00001b4c   0x00000038   Code   RO           47    i.VL53L1_RdWord     vl53l1_platform_2dx4.o
    0x00001b84   0x00001b84   0x0000001e   Code   RO           50    i.VL53L1_WrByte     vl53l1_platform_2dx4.o
    0x00001ba2   0x00001ba2   0x00000030   Code   RO          893    i.__ARM_fpclassify  m_wm.l(fpclassify.o)
    0x00001bd2   0x00001bd2   0x00000006   PAD
    0x00001bd8   0x00001bd8   0x000000c8   Code   RO          747    i.__hardfp_cos      m_wm.l(cos.o)
    0x00001ca0   0x00001ca0   0x000000c8   Code   RO          759    i.__hardfp_sin      m_wm.l(sin.o)
    0x00001d68   0x00001d68   0x00000438   Code   RO          811    i.__ieee754_rem_pio2  m_wm.l(rred.o)
    0x000021a0   0x000021a0   0x00000170   Code   RO          794    i.__kernel_cos      m_wm.l(cos_i.o)
    0x00002310   0x00002310   0x000000f8   Code   RO          895    i.__kernel_poly     m_wm.l(poly.o)
    0x00002408   0x00002408   0x00000130   Code   RO          816    i.__kernel_sin      m_wm.l(sin_i.o)
    0x00002538   0x00002538   0x00000014   Code   RO          798    i.__mathlib_dbl_infnan  m_wm.l(dunder.o)
    0x0000254c   0x0000254c   0x00000004   PAD
    0x00002550   0x00002550   0x00000020   Code   RO          800    i.__mathlib_dbl_invalid  m_wm.l(dunder.o)
    0x00002570   0x00002570   0x00000020   Code   RO          803    i.__mathlib_dbl_underflow  m_wm.l(dunder.o)
    0x00002590   0x00002590   0x0000001c   Code   RO           54    i.beginRxI2C        vl53l1_platform_2dx4.o
    0x000025ac   0x000025ac   0x0000001c   Code   RO           55    i.beginTxI2C        vl53l1_platform_2dx4.o
    0x000025c8   0x000025c8   0x00000018   Code   RO          889    i.fabs              m_wm.l(fabs.o)
    0x000025e0   0x000025e0   0x00000350   Code   RO          557    i.main              2dx4_ds90-1.o
    0x00002930   0x00002930   0x00000040   Code   RO          558    i.motorRun          2dx4_ds90-1.o
    0x00002970   0x00002970   0x000000c4   Code   RO          457    i.onboardLEDs_Init  onboardleds.o
    0x00002a34   0x00002a34   0x0000004c   Code   RO           56    i.readI2C           vl53l1_platform_2dx4.o
    0x00002a80   0x00002a80   0x000000a0   Code   RO           57    i.writeI2C          vl53l1_platform_2dx4.o
    0x00002b20   0x00002b20   0x00000088   Code   RO           58    i.writeRegisterIndex  vl53l1_platform_2dx4.o
    0x00002ba8   0x00002ba8   0x00000088   Code   RO           59    i.writeRegisterIndex_nostop  vl53l1_platform_2dx4.o
    0x00002c30   0x00002c30   0x0000002c   Code   RO          879    locale$$code        c_w.l(lc_numeric_c.o)
    0x00002c5c   0x00002c5c   0x00000018   Code   RO          783    x$fpl$basic         fz_wm.l(basic.o)
    0x00002c74   0x00002c74   0x00000062   Code   RO          719    x$fpl$d2f           fz_wm.l(d2f.o)
    0x00002cd6   0x00002cd6   0x00000002   PAD
    0x00002cd8   0x00002cd8   0x00000150   Code   RO          721    x$fpl$dadd          fz_wm.l(daddsub_clz.o)
    0x00002e28   0x00002e28   0x000002b0   Code   RO          728    x$fpl$ddiv          fz_wm.l(ddiv.o)
    0x000030d8   0x000030d8   0x0000005e   Code   RO          881    x$fpl$dfix          fz_wm.l(dfix.o)
    0x00003136   0x00003136   0x0000002e   Code   RO          736    x$fpl$dflt          fz_wm.l(dflt_clz.o)
    0x00003164   0x00003164   0x00000026   Code   RO          735    x$fpl$dfltu         fz_wm.l(dflt_clz.o)
    0x0000318a   0x0000318a   0x00000002   PAD
    0x0000318c   0x0000318c   0x00000154   Code   RO          741    x$fpl$dmul          fz_wm.l(dmul.o)
    0x000032e0   0x000032e0   0x0000009c   Code   RO          785    x$fpl$dnaninf       fz_wm.l(dnaninf.o)
    0x0000337c   0x0000337c   0x0000000c   Code   RO          787    x$fpl$dretinf       fz_wm.l(dretinf.o)
    0x00003388   0x00003388   0x00000016   Code   RO          722    x$fpl$drsb          fz_wm.l(daddsub_clz.o)
    0x0000339e   0x0000339e   0x00000002   PAD
    0x000033a0   0x000033a0   0x000001d4   Code   RO          723    x$fpl$dsub          fz_wm.l(daddsub_clz.o)
    0x00003574   0x00003574   0x00000056   Code   RO          743    x$fpl$f2d           fz_wm.l(f2d.o)
    0x000035ca   0x000035ca   0x0000008c   Code   RO          789    x$fpl$fnaninf       fz_wm.l(fnaninf.o)
    0x00003656   0x00003656   0x0000000a   Code   RO          961    x$fpl$fpinit        fz_wm.l(fpinit.o)
    0x00003660   0x00003660   0x0000000a   Code   RO          791    x$fpl$fretinf       fz_wm.l(fretinf.o)
    0x0000366a   0x0000366a   0x00000004   Code   RO          745    x$fpl$printf1       fz_wm.l(printf1.o)
    0x0000366e   0x0000366e   0x00000000   Code   RO          793    x$fpl$usenofp       fz_wm.l(usenofp.o)
    0x0000366e   0x0000366e   0x00000073   Data   RO          216    .constdata          vl53l1x_api.o
    0x000036e1   0x000036e1   0x00000007   PAD
    0x000036e8   0x000036e8   0x00000030   Data   RO          795    .constdata          m_wm.l(cos_i.o)
    0x00003718   0x00003718   0x000000c8   Data   RO          813    .constdata          m_wm.l(rred.o)
    0x000037e0   0x000037e0   0x00000028   Data   RO          817    .constdata          m_wm.l(sin_i.o)
    0x00003808   0x00003808   0x00000094   Data   RO          854    .constdata          c_w.l(bigflt0.o)
    0x0000389c   0x0000389c   0x00000020   Data   RO         1038    Region$$Table       anon$$obj.o
    0x000038bc   0x000038bc   0x0000001c   Data   RO          878    locale$$data        c_w.l(lc_numeric_c.o)


    Execution Region ER_RW (Exec base: 0x20000000, Load base: 0x000038d8, Size: 0x00000010, Max: 0xffffffff, ABSOLUTE)

    Exec Addr    Load Addr    Size         Type   Attr      Idx    E Section Name        Object

    0x20000000   0x000038d8   0x0000000c   Data   RW          560    .data               2dx4_ds90-1.o
    0x2000000c   0x000038e4   0x00000004   Data   RW          629    .data               system_msp432e401y.o


    Execution Region ER_ZI (Exec base: 0x20000010, Load base: 0x000038e8, Size: 0x00000b28, Max: 0xffffffff, ABSOLUTE)

    Exec Addr    Load Addr    Size         Type   Attr      Idx    E Section Name        Object

    0x20000010        -       0x000003ff   Zero   RW          514    .bss                uart.o
    0x2000040f   0x000038e8   0x00000001   PAD
    0x20000410        -       0x000004c8   Zero   RW          559    .bss                2dx4_ds90-1.o
    0x200008d8        -       0x00000060   Zero   RW          898    .bss                c_w.l(libspace.o)
    0x20000938        -       0x00000000   Zero   RW          617    HEAP                startup_msp432e401y_uvision.o
    0x20000938        -       0x00000200   Zero   RW          616    STACK               startup_msp432e401y_uvision.o


==============================================================================

Image component sizes


      Code (inc. data)   RO Data    RW Data    ZI Data      Debug   Object Name

      1220        166          0         12       1224       4789   2dx4_ds90-1.o
       532         68          0          0          0       4284   onboardleds.o
       284         12          0          0          0       5079   pll.o
        60         22        508          0        512        976   startup_msp432e401y_uvision.o
        32         12          0          4          0        787   system_msp432e401y.o
        84          6          0          0          0       2349   systick.o
       340         78          0          0       1023       2380   uart.o
       686         28          0          0          0       6808   vl53l1_platform_2dx4.o
       530         78        115          0          0       9398   vl53l1x_api.o

    ----------------------------------------------------------------------
      3770        470        662         16       2760      36850   Object Totals
         0          0         32          0          0          0   (incl. Generated)
         2          0          7          0          1          0   (incl. Padding)

    ----------------------------------------------------------------------

      Code (inc. data)   RO Data    RW Data    ZI Data      Debug   Library Member Name

         8          0          0          0          0         68   __main.o
       104          0          0          0          0         84   __printf.o
         0          0          0          0          0          0   __rtentry.o
        12          0          0          0          0          0   __rtentry2.o
         6          0          0          0          0          0   __rtentry4.o
        52          8          0          0          0          0   __scatter.o
        26          0          0          0          0          0   __scatter_copy.o
        28          0          0          0          0          0   __scatter_zi.o
        48          6          0          0          0         96   _printf_char_common.o
         6          0          0          0          0          0   _printf_d.o
       120         16          0          0          0         92   _printf_dec.o
         6          0          0          0          0          0   _printf_f.o
      1054          0          0          0          0        216   _printf_fp_dec.o
       128         16          0          0          0         84   _printf_fp_infnan.o
       178          0          0          0          0         88   _printf_intcommon.o
         0          0          0          0          0          0   _printf_percent.o
         4          0          0          0          0          0   _printf_percent_end.o
        22          0          0          0          0        100   _rserrno.o
        10          0          0          0          0         68   _sputc.o
       228          4        148          0          0         96   bigflt0.o
      1936        128          0          0          0        672   btod.o
        18          0          0          0          0         80   exit.o
         6          0          0          0          0        152   heapauxi.o
         0          0          0          0          0          0   indicate_semi.o
        44         10         28          0          0         76   lc_numeric_c.o
         2          0          0          0          0          0   libinit.o
        22          0          0          0          0          0   libinit2.o
         2          0          0          0          0          0   libshutdown.o
         2          0          0          0          0          0   libshutdown2.o
         8          4          0          0         96         68   libspace.o
       138          0          0          0          0         80   lludiv10.o
        40          6          0          0          0         84   noretval__2sprintf.o
         8          4          0          0          0         68   rt_errno_addr_intlibspace.o
         8          4          0          0          0         68   rt_locale_intlibspace.o
         2          0          0          0          0          0   rtexit.o
        10          0          0          0          0          0   rtexit2.o
       128          0          0          0          0         68   strcmpv7m.o
        12          4          0          0          0         68   sys_exit.o
        74          0          0          0          0         80   sys_stackheap_outer.o
         2          0          0          0          0         68   use_no_semi.o
        24          0          0          0          0        164   basic.o
        98          4          0          0          0        140   d2f.o
       826         16          0          0          0        492   daddsub_clz.o
       688        140          0          0          0        256   ddiv.o
        94          4          0          0          0        140   dfix.o
        84          0          0          0          0        232   dflt_clz.o
       340         12          0          0          0        152   dmul.o
       156          4          0          0          0        140   dnaninf.o
        12          0          0          0          0        116   dretinf.o
        86          4          0          0          0        132   f2d.o
       140          4          0          0          0        132   fnaninf.o
        10          0          0          0          0        116   fpinit.o
        10          0          0          0          0        116   fretinf.o
         4          0          0          0          0        116   printf1.o
         0          0          0          0          0          0   usenofp.o
       200         20          0          0          0        164   cos.o
       368         46         48          0          0        200   cos_i.o
        84         16          0          0          0        372   dunder.o
        24          0          0          0          0        124   fabs.o
        48          0          0          0          0        124   fpclassify.o
       248          0          0          0          0        152   poly.o
      1080        142        200          0          0        188   rred.o
       200         20          0          0          0        164   sin.o
       304         24         40          0          0        208   sin_i.o

    ----------------------------------------------------------------------
      9656        666        464          0         96       6764   Library Totals
        26          0          0          0          0          0   (incl. Padding)

    ----------------------------------------------------------------------

      Code (inc. data)   RO Data    RW Data    ZI Data      Debug   Library Name

      4502        210        176          0         96       2624   c_w.l
      2572        188          0          0          0       2444   fz_wm.l
      2556        268        288          0          0       1696   m_wm.l

    ----------------------------------------------------------------------
      9656        666        464          0         96       6764   Library Totals

    ----------------------------------------------------------------------

==============================================================================


      Code (inc. data)   RO Data    RW Data    ZI Data      Debug   

     13426       1136       1126         16       2856      35810   Grand Totals
     13426       1136       1126         16       2856      35810   ELF Image Totals
     13426       1136       1126         16          0          0   ROM Totals

==============================================================================

    Total RO  Size (Code + RO Data)                14552 (  14.21kB)
    Total RW  Size (RW Data + ZI Data)              2872 (   2.80kB)
    Total ROM Size (Code + RO Data + RW Data)      14568 (  14.23kB)

==============================================================================

